Archive member included because of file (symbol)

c:/programdata/winavr-20100110/bin/../lib/gcc/avr/4.3.3/../../../../avr/lib/avr5\libc.a(exit.o)
                              c:/programdata/winavr-20100110/bin/../lib/gcc/avr/4.3.3/../../../../avr/lib/avr5/crtm328p.o (exit)
c:/programdata/winavr-20100110/bin/../lib/gcc/avr/4.3.3/avr5\libgcc.a(_exit.o)
                              c:/programdata/winavr-20100110/bin/../lib/gcc/avr/4.3.3/../../../../avr/lib/avr5\libc.a(exit.o) (_exit)
c:/programdata/winavr-20100110/bin/../lib/gcc/avr/4.3.3/../../../../avr/lib\libpololu_atmega328p.a(OrangutanBuzzer.o)
                              CMakeFiles/robot-atmega328p.elf.dir/src/main.c.obj (play_frequency)
c:/programdata/winavr-20100110/bin/../lib/gcc/avr/4.3.3/../../../../avr/lib\libpololu_atmega328p.a(OrangutanLCD.o)
                              CMakeFiles/robot-atmega328p.elf.dir/src/main.c.obj (clear)
c:/programdata/winavr-20100110/bin/../lib/gcc/avr/4.3.3/../../../../avr/lib\libpololu_atmega328p.a(OrangutanPushbuttons.o)
                              CMakeFiles/robot-atmega328p.elf.dir/src/main.c.obj (wait_for_button)
c:/programdata/winavr-20100110/bin/../lib/gcc/avr/4.3.3/../../../../avr/lib\libpololu_atmega328p.a(OrangutanTime.o)
                              CMakeFiles/robot-atmega328p.elf.dir/src/main.c.obj (delay_ms)
c:/programdata/winavr-20100110/bin/../lib/gcc/avr/4.3.3/../../../../avr/lib\libpololu_atmega328p.a(Pololu3pi.o)
                              CMakeFiles/robot-atmega328p.elf.dir/src/main.c.obj (read_line_sensors)
c:/programdata/winavr-20100110/bin/../lib/gcc/avr/4.3.3/../../../../avr/lib\libpololu_atmega328p.a(PololuQTRSensors.o)
                              c:/programdata/winavr-20100110/bin/../lib/gcc/avr/4.3.3/../../../../avr/lib\libpololu_atmega328p.a(Pololu3pi.o) (PololuQTRSensors::emittersOff())
c:/programdata/winavr-20100110/bin/../lib/gcc/avr/4.3.3/avr5\libgcc.a(_mulsi3.o)
                              c:/programdata/winavr-20100110/bin/../lib/gcc/avr/4.3.3/../../../../avr/lib\libpololu_atmega328p.a(OrangutanBuzzer.o) (__mulsi3)
c:/programdata/winavr-20100110/bin/../lib/gcc/avr/4.3.3/avr5\libgcc.a(_udivmodqi4.o)
                              c:/programdata/winavr-20100110/bin/../lib/gcc/avr/4.3.3/../../../../avr/lib\libpololu_atmega328p.a(OrangutanBuzzer.o) (__udivmodqi4)
c:/programdata/winavr-20100110/bin/../lib/gcc/avr/4.3.3/avr5\libgcc.a(_udivmodhi4.o)
                              c:/programdata/winavr-20100110/bin/../lib/gcc/avr/4.3.3/../../../../avr/lib\libpololu_atmega328p.a(OrangutanBuzzer.o) (__udivmodhi4)
c:/programdata/winavr-20100110/bin/../lib/gcc/avr/4.3.3/avr5\libgcc.a(_udivmodsi4.o)
                              c:/programdata/winavr-20100110/bin/../lib/gcc/avr/4.3.3/../../../../avr/lib\libpololu_atmega328p.a(OrangutanBuzzer.o) (__udivmodsi4)
c:/programdata/winavr-20100110/bin/../lib/gcc/avr/4.3.3/avr5\libgcc.a(_divmodsi4.o)
                              c:/programdata/winavr-20100110/bin/../lib/gcc/avr/4.3.3/../../../../avr/lib\libpololu_atmega328p.a(OrangutanBuzzer.o) (__divmodsi4)
c:/programdata/winavr-20100110/bin/../lib/gcc/avr/4.3.3/avr5\libgcc.a(_prologue.o)
                              c:/programdata/winavr-20100110/bin/../lib/gcc/avr/4.3.3/../../../../avr/lib\libpololu_atmega328p.a(OrangutanBuzzer.o) (__prologue_saves__)
c:/programdata/winavr-20100110/bin/../lib/gcc/avr/4.3.3/avr5\libgcc.a(_epilogue.o)
                              c:/programdata/winavr-20100110/bin/../lib/gcc/avr/4.3.3/../../../../avr/lib\libpololu_atmega328p.a(OrangutanBuzzer.o) (__epilogue_restores__)
c:/programdata/winavr-20100110/bin/../lib/gcc/avr/4.3.3/avr5\libgcc.a(_copy_data.o)
                              CMakeFiles/robot-atmega328p.elf.dir/src/main.c.obj (__do_copy_data)
c:/programdata/winavr-20100110/bin/../lib/gcc/avr/4.3.3/avr5\libgcc.a(_clear_bss.o)
                              c:/programdata/winavr-20100110/bin/../lib/gcc/avr/4.3.3/../../../../avr/lib\libpololu_atmega328p.a(OrangutanBuzzer.o) (__do_clear_bss)
c:/programdata/winavr-20100110/bin/../lib/gcc/avr/4.3.3/avr5\libgcc.a(_ctors.o)
                              c:/programdata/winavr-20100110/bin/../lib/gcc/avr/4.3.3/../../../../avr/lib\libpololu_atmega328p.a(Pololu3pi.o) (__do_global_ctors)
c:/programdata/winavr-20100110/bin/../lib/gcc/avr/4.3.3/avr5\libgcc.a(_dtors.o)
                              c:/programdata/winavr-20100110/bin/../lib/gcc/avr/4.3.3/../../../../avr/lib\libpololu_atmega328p.a(Pololu3pi.o) (__do_global_dtors)
c:/programdata/winavr-20100110/bin/../lib/gcc/avr/4.3.3/avr5\libgcc.a(_tablejump.o)
                              c:/programdata/winavr-20100110/bin/../lib/gcc/avr/4.3.3/avr5\libgcc.a(_ctors.o) (__tablejump__)
c:/programdata/winavr-20100110/bin/../lib/gcc/avr/4.3.3/../../../../avr/lib/avr5\libc.a(malloc.o)
                              c:/programdata/winavr-20100110/bin/../lib/gcc/avr/4.3.3/../../../../avr/lib\libpololu_atmega328p.a(OrangutanLCD.o) (malloc)
c:/programdata/winavr-20100110/bin/../lib/gcc/avr/4.3.3/../../../../avr/lib/avr5\libc.a(fdevopen.o)
                              c:/programdata/winavr-20100110/bin/../lib/gcc/avr/4.3.3/../../../../avr/lib\libpololu_atmega328p.a(OrangutanLCD.o) (fdevopen)
c:/programdata/winavr-20100110/bin/../lib/gcc/avr/4.3.3/../../../../avr/lib/avr5\libc.a(iob.o)
                              c:/programdata/winavr-20100110/bin/../lib/gcc/avr/4.3.3/../../../../avr/lib/avr5\libc.a(fdevopen.o) (__iob)
c:/programdata/winavr-20100110/bin/../lib/gcc/avr/4.3.3/../../../../avr/lib/avr5\libc.a(printf.o)
                              CMakeFiles/robot-atmega328p.elf.dir/src/main.c.obj (printf)
c:/programdata/winavr-20100110/bin/../lib/gcc/avr/4.3.3/../../../../avr/lib/avr5\libc.a(vfprintf_std.o)
                              c:/programdata/winavr-20100110/bin/../lib/gcc/avr/4.3.3/../../../../avr/lib/avr5\libc.a(printf.o) (vfprintf)
c:/programdata/winavr-20100110/bin/../lib/gcc/avr/4.3.3/../../../../avr/lib/avr5\libc.a(calloc.o)
                              c:/programdata/winavr-20100110/bin/../lib/gcc/avr/4.3.3/../../../../avr/lib/avr5\libc.a(fdevopen.o) (calloc)
c:/programdata/winavr-20100110/bin/../lib/gcc/avr/4.3.3/../../../../avr/lib/avr5\libc.a(strnlen_P.o)
                              c:/programdata/winavr-20100110/bin/../lib/gcc/avr/4.3.3/../../../../avr/lib/avr5\libc.a(vfprintf_std.o) (strnlen_P)
c:/programdata/winavr-20100110/bin/../lib/gcc/avr/4.3.3/../../../../avr/lib/avr5\libc.a(memset.o)
                              c:/programdata/winavr-20100110/bin/../lib/gcc/avr/4.3.3/../../../../avr/lib/avr5\libc.a(calloc.o) (memset)
c:/programdata/winavr-20100110/bin/../lib/gcc/avr/4.3.3/../../../../avr/lib/avr5\libc.a(strnlen.o)
                              c:/programdata/winavr-20100110/bin/../lib/gcc/avr/4.3.3/../../../../avr/lib/avr5\libc.a(vfprintf_std.o) (strnlen)
c:/programdata/winavr-20100110/bin/../lib/gcc/avr/4.3.3/../../../../avr/lib/avr5\libc.a(fputc.o)
                              c:/programdata/winavr-20100110/bin/../lib/gcc/avr/4.3.3/../../../../avr/lib/avr5\libc.a(vfprintf_std.o) (fputc)
c:/programdata/winavr-20100110/bin/../lib/gcc/avr/4.3.3/../../../../avr/lib/avr5\libc.a(ultoa_invert.o)
                              c:/programdata/winavr-20100110/bin/../lib/gcc/avr/4.3.3/../../../../avr/lib/avr5\libc.a(vfprintf_std.o) (__ultoa_invert)

Allocating common symbols
Common symbol       size              file

__brkval            0x2               c:/programdata/winavr-20100110/bin/../lib/gcc/avr/4.3.3/../../../../avr/lib/avr5\libc.a(malloc.o)
__flp               0x2               c:/programdata/winavr-20100110/bin/../lib/gcc/avr/4.3.3/../../../../avr/lib/avr5\libc.a(malloc.o)
__iob               0x6               c:/programdata/winavr-20100110/bin/../lib/gcc/avr/4.3.3/../../../../avr/lib/avr5\libc.a(iob.o)

Memory Configuration

Name             Origin             Length             Attributes
text             0x00000000         0x00020000         xr
data             0x00800060         0x0000ffa0         rw !x
eeprom           0x00810000         0x00010000         rw !x
fuse             0x00820000         0x00000400         rw !x
lock             0x00830000         0x00000400         rw !x
signature        0x00840000         0x00000400         rw !x
*default*        0x00000000         0xffffffff

Linker script and memory map

Address of section .data set to 0x800100
LOAD c:/programdata/winavr-20100110/bin/../lib/gcc/avr/4.3.3/../../../../avr/lib/avr5/crtm328p.o
LOAD c:/programdata/winavr-20100110/bin/../lib/gcc/avr/4.3.3/../../../../avr/lib/avr5\libc.a
LOAD c:/programdata/winavr-20100110/bin/../lib/gcc/avr/4.3.3/../../../../avr/lib/avr5\libm.a
LOAD c:/programdata/winavr-20100110/bin/../lib/gcc/avr/4.3.3/avr5\libgcc.a
LOAD CMakeFiles/robot-atmega328p.elf.dir/src/main.c.obj
LOAD c:/programdata/winavr-20100110/bin/../lib/gcc/avr/4.3.3/../../../../avr/lib\libpololu_atmega328p.a
LOAD c:/programdata/winavr-20100110/bin/../lib/gcc/avr/4.3.3/avr5\libgcc.a
LOAD c:/programdata/winavr-20100110/bin/../lib/gcc/avr/4.3.3/../../../../avr/lib/avr5\libc.a
LOAD c:/programdata/winavr-20100110/bin/../lib/gcc/avr/4.3.3/avr5\libgcc.a

.hash
 *(.hash)

.dynsym
 *(.dynsym)

.dynstr
 *(.dynstr)

.gnu.version
 *(.gnu.version)

.gnu.version_d
 *(.gnu.version_d)

.gnu.version_r
 *(.gnu.version_r)

.rel.init
 *(.rel.init)

.rela.init
 *(.rela.init)

.rel.text
 *(.rel.text)
 *(.rel.text.*)
 *(.rel.gnu.linkonce.t*)

.rela.text
 *(.rela.text)
 *(.rela.text.*)
 *(.rela.gnu.linkonce.t*)

.rel.fini
 *(.rel.fini)

.rela.fini
 *(.rela.fini)

.rel.rodata
 *(.rel.rodata)
 *(.rel.rodata.*)
 *(.rel.gnu.linkonce.r*)

.rela.rodata
 *(.rela.rodata)
 *(.rela.rodata.*)
 *(.rela.gnu.linkonce.r*)

.rel.data
 *(.rel.data)
 *(.rel.data.*)
 *(.rel.gnu.linkonce.d*)

.rela.data
 *(.rela.data)
 *(.rela.data.*)
 *(.rela.gnu.linkonce.d*)

.rel.ctors
 *(.rel.ctors)

.rela.ctors
 *(.rela.ctors)

.rel.dtors
 *(.rel.dtors)

.rela.dtors
 *(.rela.dtors)

.rel.got
 *(.rel.got)

.rela.got
 *(.rela.got)

.rel.bss
 *(.rel.bss)

.rela.bss
 *(.rela.bss)

.rel.plt
 *(.rel.plt)

.rela.plt
 *(.rela.plt)

.text           0x00000000     0x2fee
 *(.vectors)
 .vectors       0x00000000       0x68 c:/programdata/winavr-20100110/bin/../lib/gcc/avr/4.3.3/../../../../avr/lib/avr5/crtm328p.o
                0x00000000                __vectors
                0x00000000                __vector_default
 *(.vectors)
 *(.progmem.gcc*)
 *(.progmem*)
                0x00000068                . = ALIGN (0x2)
                0x00000068                __trampolines_start = .
 *(.trampolines)
 .trampolines   0x00000068        0x0 linker stubs
 *(.trampolines*)
                0x00000068                __trampolines_end = .
 *(.jumptables)
 *(.jumptables*)
 *(.lowtext)
 *(.lowtext*)
                0x00000068                __ctors_start = .
 *(.ctors)
 .ctors         0x00000068        0x2 c:/programdata/winavr-20100110/bin/../lib/gcc/avr/4.3.3/../../../../avr/lib\libpololu_atmega328p.a(Pololu3pi.o)
                0x0000006a                __ctors_end = .
                0x0000006a                __dtors_start = .
 *(.dtors)
 .dtors         0x0000006a        0x2 c:/programdata/winavr-20100110/bin/../lib/gcc/avr/4.3.3/../../../../avr/lib\libpololu_atmega328p.a(Pololu3pi.o)
                0x0000006c                __dtors_end = .
 SORT(*)(.ctors)
 SORT(*)(.dtors)
 *(.init0)
 .init0         0x0000006c        0x0 c:/programdata/winavr-20100110/bin/../lib/gcc/avr/4.3.3/../../../../avr/lib/avr5/crtm328p.o
                0x0000006c                __init
 *(.init0)
 *(.init1)
 *(.init1)
 *(.init2)
 .init2         0x0000006c        0xc c:/programdata/winavr-20100110/bin/../lib/gcc/avr/4.3.3/../../../../avr/lib/avr5/crtm328p.o
 *(.init2)
 *(.init3)
 *(.init3)
 *(.init4)
 .init4         0x00000078       0x16 c:/programdata/winavr-20100110/bin/../lib/gcc/avr/4.3.3/avr5\libgcc.a(_copy_data.o)
                0x00000078                __do_copy_data
 .init4         0x0000008e       0x10 c:/programdata/winavr-20100110/bin/../lib/gcc/avr/4.3.3/avr5\libgcc.a(_clear_bss.o)
                0x0000008e                __do_clear_bss
 *(.init4)
 *(.init5)
 *(.init5)
 *(.init6)
 .init6         0x0000009e       0x16 c:/programdata/winavr-20100110/bin/../lib/gcc/avr/4.3.3/avr5\libgcc.a(_ctors.o)
                0x0000009e                __do_global_ctors
 *(.init6)
 *(.init7)
 *(.init7)
 *(.init8)
 *(.init8)
 *(.init9)
 .init9         0x000000b4        0x8 c:/programdata/winavr-20100110/bin/../lib/gcc/avr/4.3.3/../../../../avr/lib/avr5/crtm328p.o
 *(.init9)
 *(.text)
 .text          0x000000bc        0x4 c:/programdata/winavr-20100110/bin/../lib/gcc/avr/4.3.3/../../../../avr/lib/avr5/crtm328p.o
                0x000000bc                __vector_22
                0x000000bc                __vector_1
                0x000000bc                __vector_24
                0x000000bc                __vector_12
                0x000000bc                __bad_interrupt
                0x000000bc                __vector_6
                0x000000bc                __vector_3
                0x000000bc                __vector_23
                0x000000bc                __vector_25
                0x000000bc                __vector_11
                0x000000bc                __vector_17
                0x000000bc                __vector_19
                0x000000bc                __vector_7
                0x000000bc                __vector_5
                0x000000bc                __vector_4
                0x000000bc                __vector_2
                0x000000bc                __vector_21
                0x000000bc                __vector_15
                0x000000bc                __vector_8
                0x000000bc                __vector_14
                0x000000bc                __vector_10
                0x000000bc                __vector_16
                0x000000bc                __vector_18
                0x000000bc                __vector_20
 .text          0x000000c0        0x0 c:/programdata/winavr-20100110/bin/../lib/gcc/avr/4.3.3/../../../../avr/lib/avr5\libc.a(exit.o)
 .text          0x000000c0        0x0 c:/programdata/winavr-20100110/bin/../lib/gcc/avr/4.3.3/avr5\libgcc.a(_exit.o)
 .text          0x000000c0      0x204 CMakeFiles/robot-atmega328p.elf.dir/src/main.c.obj
                0x000000cc                main
 .text          0x000002c4        0x0 c:/programdata/winavr-20100110/bin/../lib/gcc/avr/4.3.3/../../../../avr/lib\libpololu_atmega328p.a(OrangutanBuzzer.o)
 .text          0x000002c4        0x0 c:/programdata/winavr-20100110/bin/../lib/gcc/avr/4.3.3/../../../../avr/lib\libpololu_atmega328p.a(OrangutanLCD.o)
 .text          0x000002c4        0x0 c:/programdata/winavr-20100110/bin/../lib/gcc/avr/4.3.3/../../../../avr/lib\libpololu_atmega328p.a(OrangutanPushbuttons.o)
 .text          0x000002c4        0x0 c:/programdata/winavr-20100110/bin/../lib/gcc/avr/4.3.3/../../../../avr/lib\libpololu_atmega328p.a(OrangutanTime.o)
 .text          0x000002c4        0x0 c:/programdata/winavr-20100110/bin/../lib/gcc/avr/4.3.3/../../../../avr/lib\libpololu_atmega328p.a(Pololu3pi.o)
 .text          0x000002c4        0x0 c:/programdata/winavr-20100110/bin/../lib/gcc/avr/4.3.3/../../../../avr/lib\libpololu_atmega328p.a(PololuQTRSensors.o)
 .text          0x000002c4        0x0 c:/programdata/winavr-20100110/bin/../lib/gcc/avr/4.3.3/avr5\libgcc.a(_mulsi3.o)
 .text          0x000002c4        0x0 c:/programdata/winavr-20100110/bin/../lib/gcc/avr/4.3.3/avr5\libgcc.a(_udivmodqi4.o)
 .text          0x000002c4        0x0 c:/programdata/winavr-20100110/bin/../lib/gcc/avr/4.3.3/avr5\libgcc.a(_udivmodhi4.o)
 .text          0x000002c4        0x0 c:/programdata/winavr-20100110/bin/../lib/gcc/avr/4.3.3/avr5\libgcc.a(_udivmodsi4.o)
 .text          0x000002c4        0x0 c:/programdata/winavr-20100110/bin/../lib/gcc/avr/4.3.3/avr5\libgcc.a(_divmodsi4.o)
 .text          0x000002c4        0x0 c:/programdata/winavr-20100110/bin/../lib/gcc/avr/4.3.3/avr5\libgcc.a(_prologue.o)
 .text          0x000002c4        0x0 c:/programdata/winavr-20100110/bin/../lib/gcc/avr/4.3.3/avr5\libgcc.a(_epilogue.o)
 .text          0x000002c4        0x0 c:/programdata/winavr-20100110/bin/../lib/gcc/avr/4.3.3/avr5\libgcc.a(_copy_data.o)
 .text          0x000002c4        0x0 c:/programdata/winavr-20100110/bin/../lib/gcc/avr/4.3.3/avr5\libgcc.a(_clear_bss.o)
 .text          0x000002c4        0x0 c:/programdata/winavr-20100110/bin/../lib/gcc/avr/4.3.3/avr5\libgcc.a(_ctors.o)
 .text          0x000002c4        0x0 c:/programdata/winavr-20100110/bin/../lib/gcc/avr/4.3.3/avr5\libgcc.a(_dtors.o)
 .text          0x000002c4        0x0 c:/programdata/winavr-20100110/bin/../lib/gcc/avr/4.3.3/avr5\libgcc.a(_tablejump.o)
 .text          0x000002c4        0x0 c:/programdata/winavr-20100110/bin/../lib/gcc/avr/4.3.3/../../../../avr/lib/avr5\libc.a(malloc.o)
 .text          0x000002c4        0x0 c:/programdata/winavr-20100110/bin/../lib/gcc/avr/4.3.3/../../../../avr/lib/avr5\libc.a(fdevopen.o)
 .text          0x000002c4        0x0 c:/programdata/winavr-20100110/bin/../lib/gcc/avr/4.3.3/../../../../avr/lib/avr5\libc.a(iob.o)
 .text          0x000002c4        0x0 c:/programdata/winavr-20100110/bin/../lib/gcc/avr/4.3.3/../../../../avr/lib/avr5\libc.a(printf.o)
 .text          0x000002c4        0x0 c:/programdata/winavr-20100110/bin/../lib/gcc/avr/4.3.3/../../../../avr/lib/avr5\libc.a(vfprintf_std.o)
 .text          0x000002c4        0x0 c:/programdata/winavr-20100110/bin/../lib/gcc/avr/4.3.3/../../../../avr/lib/avr5\libc.a(calloc.o)
 .text          0x000002c4        0x0 c:/programdata/winavr-20100110/bin/../lib/gcc/avr/4.3.3/../../../../avr/lib/avr5\libc.a(strnlen_P.o)
 .text          0x000002c4        0x0 c:/programdata/winavr-20100110/bin/../lib/gcc/avr/4.3.3/../../../../avr/lib/avr5\libc.a(memset.o)
 .text          0x000002c4        0x0 c:/programdata/winavr-20100110/bin/../lib/gcc/avr/4.3.3/../../../../avr/lib/avr5\libc.a(strnlen.o)
 .text          0x000002c4        0x0 c:/programdata/winavr-20100110/bin/../lib/gcc/avr/4.3.3/../../../../avr/lib/avr5\libc.a(fputc.o)
 .text          0x000002c4        0x0 c:/programdata/winavr-20100110/bin/../lib/gcc/avr/4.3.3/../../../../avr/lib/avr5\libc.a(ultoa_invert.o)
                0x000002c4                . = ALIGN (0x2)
 *(.text.*)
 .text.avr-libc
                0x000002c4        0x6 c:/programdata/winavr-20100110/bin/../lib/gcc/avr/4.3.3/../../../../avr/lib/avr5\libc.a(exit.o)
                0x000002c4                exit
 .text.libgcc   0x000002ca        0x0 c:/programdata/winavr-20100110/bin/../lib/gcc/avr/4.3.3/avr5\libgcc.a(_exit.o)
 .text._ZL16currentCharacterv
                0x000002ca       0x44 c:/programdata/winavr-20100110/bin/../lib/gcc/avr/4.3.3/../../../../avr/lib\libpololu_atmega328p.a(OrangutanBuzzer.o)
 .text._ZL9getNumberv
                0x0000030e       0x5c c:/programdata/winavr-20100110/bin/../lib/gcc/avr/4.3.3/../../../../avr/lib\libpololu_atmega328p.a(OrangutanBuzzer.o)
 .text._ZN15OrangutanBuzzerC2Ev
                0x0000036a        0x2 c:/programdata/winavr-20100110/bin/../lib/gcc/avr/4.3.3/../../../../avr/lib\libpololu_atmega328p.a(OrangutanBuzzer.o)
                0x0000036a                OrangutanBuzzer::OrangutanBuzzer()
                0x0000036a                OrangutanBuzzer::OrangutanBuzzer()
 .text._ZN15OrangutanBuzzer5init2Ev
                0x0000036c       0x2e c:/programdata/winavr-20100110/bin/../lib/gcc/avr/4.3.3/../../../../avr/lib\libpololu_atmega328p.a(OrangutanBuzzer.o)
                0x0000036c                OrangutanBuzzer::init2()
 .text._ZN15OrangutanBuzzer4initEv
                0x0000039a       0x14 c:/programdata/winavr-20100110/bin/../lib/gcc/avr/4.3.3/../../../../avr/lib\libpololu_atmega328p.a(OrangutanBuzzer.o)
                0x0000039a                OrangutanBuzzer::init()
 .text._ZN15OrangutanBuzzer13playFrequencyEjjh
                0x000003ae      0x16a c:/programdata/winavr-20100110/bin/../lib/gcc/avr/4.3.3/../../../../avr/lib\libpololu_atmega328p.a(OrangutanBuzzer.o)
                0x000003ae                OrangutanBuzzer::playFrequency(unsigned int, unsigned int, unsigned char)
 .text.play_frequency
                0x00000518        0x6 c:/programdata/winavr-20100110/bin/../lib/gcc/avr/4.3.3/../../../../avr/lib\libpololu_atmega328p.a(OrangutanBuzzer.o)
                0x00000518                play_frequency
 .text._ZN15OrangutanBuzzer8playNoteEhjh
                0x0000051e       0xac c:/programdata/winavr-20100110/bin/../lib/gcc/avr/4.3.3/../../../../avr/lib\libpololu_atmega328p.a(OrangutanBuzzer.o)
                0x0000051e                OrangutanBuzzer::playNote(unsigned char, unsigned int, unsigned char)
 .text._ZL8nextNotev
                0x000005ca      0x2a2 c:/programdata/winavr-20100110/bin/../lib/gcc/avr/4.3.3/../../../../avr/lib\libpololu_atmega328p.a(OrangutanBuzzer.o)
 .text.__vector_13
                0x0000086c       0xa2 c:/programdata/winavr-20100110/bin/../lib/gcc/avr/4.3.3/../../../../avr/lib\libpololu_atmega328p.a(OrangutanBuzzer.o)
                0x0000086c                __vector_13
 .text.play_note
                0x0000090e        0x6 c:/programdata/winavr-20100110/bin/../lib/gcc/avr/4.3.3/../../../../avr/lib\libpololu_atmega328p.a(OrangutanBuzzer.o)
                0x0000090e                play_note
 .text._ZN15OrangutanBuzzer9isPlayingEv
                0x00000914       0x20 c:/programdata/winavr-20100110/bin/../lib/gcc/avr/4.3.3/../../../../avr/lib\libpololu_atmega328p.a(OrangutanBuzzer.o)
                0x00000914                OrangutanBuzzer::isPlaying()
 .text.is_playing
                0x00000934        0x6 c:/programdata/winavr-20100110/bin/../lib/gcc/avr/4.3.3/../../../../avr/lib\libpololu_atmega328p.a(OrangutanBuzzer.o)
                0x00000934                is_playing
 .text._ZN15OrangutanBuzzer4playEPKc
                0x0000093a       0x1a c:/programdata/winavr-20100110/bin/../lib/gcc/avr/4.3.3/../../../../avr/lib\libpololu_atmega328p.a(OrangutanBuzzer.o)
                0x0000093a                OrangutanBuzzer::play(char const*)
 .text.play     0x00000954        0x6 c:/programdata/winavr-20100110/bin/../lib/gcc/avr/4.3.3/../../../../avr/lib\libpololu_atmega328p.a(OrangutanBuzzer.o)
                0x00000954                play
 .text._ZN15OrangutanBuzzer20playFromProgramSpaceEPKc
                0x0000095a       0x1c c:/programdata/winavr-20100110/bin/../lib/gcc/avr/4.3.3/../../../../avr/lib\libpololu_atmega328p.a(OrangutanBuzzer.o)
                0x0000095a                OrangutanBuzzer::playFromProgramSpace(char const*)
 .text.play_from_program_space
                0x00000976        0x6 c:/programdata/winavr-20100110/bin/../lib/gcc/avr/4.3.3/../../../../avr/lib\libpololu_atmega328p.a(OrangutanBuzzer.o)
                0x00000976                play_from_program_space
 .text._ZN15OrangutanBuzzer11stopPlayingEv
                0x0000097c       0x34 c:/programdata/winavr-20100110/bin/../lib/gcc/avr/4.3.3/../../../../avr/lib\libpololu_atmega328p.a(OrangutanBuzzer.o)
                0x0000097c                OrangutanBuzzer::stopPlaying()
 .text.stop_playing
                0x000009b0        0x6 c:/programdata/winavr-20100110/bin/../lib/gcc/avr/4.3.3/../../../../avr/lib\libpololu_atmega328p.a(OrangutanBuzzer.o)
                0x000009b0                stop_playing
 .text._ZN15OrangutanBuzzer9playCheckEv
                0x000009b6       0x2c c:/programdata/winavr-20100110/bin/../lib/gcc/avr/4.3.3/../../../../avr/lib\libpololu_atmega328p.a(OrangutanBuzzer.o)
                0x000009b6                OrangutanBuzzer::playCheck()
 .text._ZN15OrangutanBuzzer8playModeEh
                0x000009e2        0xe c:/programdata/winavr-20100110/bin/../lib/gcc/avr/4.3.3/../../../../avr/lib\libpololu_atmega328p.a(OrangutanBuzzer.o)
                0x000009e2                OrangutanBuzzer::playMode(unsigned char)
 .text.play_mode
                0x000009f0        0x6 c:/programdata/winavr-20100110/bin/../lib/gcc/avr/4.3.3/../../../../avr/lib\libpololu_atmega328p.a(OrangutanBuzzer.o)
                0x000009f0                play_mode
 .text.play_check
                0x000009f6        0x6 c:/programdata/winavr-20100110/bin/../lib/gcc/avr/4.3.3/../../../../avr/lib\libpololu_atmega328p.a(OrangutanBuzzer.o)
                0x000009f6                play_check
 .text.void_getchar
                0x000009fc        0x6 c:/programdata/winavr-20100110/bin/../lib/gcc/avr/4.3.3/../../../../avr/lib\libpololu_atmega328p.a(OrangutanLCD.o)
                0x000009fc                void_getchar
 .text.delayMicroseconds.clone.0
                0x00000a02       0x14 c:/programdata/winavr-20100110/bin/../lib/gcc/avr/4.3.3/../../../../avr/lib\libpololu_atmega328p.a(OrangutanLCD.o)
 .text._ZN12OrangutanLCDC2Ev
                0x00000a16        0x2 c:/programdata/winavr-20100110/bin/../lib/gcc/avr/4.3.3/../../../../avr/lib\libpololu_atmega328p.a(OrangutanLCD.o)
                0x00000a16                OrangutanLCD::OrangutanLCD()
                0x00000a16                OrangutanLCD::OrangutanLCD()
 .text._ZN12OrangutanLCD8busyWaitEv
                0x00000a18       0x60 c:/programdata/winavr-20100110/bin/../lib/gcc/avr/4.3.3/../../../../avr/lib\libpololu_atmega328p.a(OrangutanLCD.o)
                0x00000a18                OrangutanLCD::busyWait()
 .text._ZN12OrangutanLCD8sendDataEh
                0x00000a78       0x4a c:/programdata/winavr-20100110/bin/../lib/gcc/avr/4.3.3/../../../../avr/lib\libpololu_atmega328p.a(OrangutanLCD.o)
                0x00000a78                OrangutanLCD::sendData(unsigned char)
 .text._ZN12OrangutanLCD4sendEhhh
                0x00000ac2       0x60 c:/programdata/winavr-20100110/bin/../lib/gcc/avr/4.3.3/../../../../avr/lib\libpololu_atmega328p.a(OrangutanLCD.o)
                0x00000ac2                OrangutanLCD::send(unsigned char, unsigned char, unsigned char)
 .text._ZN12OrangutanLCD8send_cmdEh
                0x00000b22        0xa c:/programdata/winavr-20100110/bin/../lib/gcc/avr/4.3.3/../../../../avr/lib\libpololu_atmega328p.a(OrangutanLCD.o)
                0x00000b22                OrangutanLCD::send_cmd(unsigned char)
 .text._ZN12OrangutanLCD9send_dataEh
                0x00000b2c        0xa c:/programdata/winavr-20100110/bin/../lib/gcc/avr/4.3.3/../../../../avr/lib\libpololu_atmega328p.a(OrangutanLCD.o)
                0x00000b2c                OrangutanLCD::send_data(unsigned char)
 .text._ZN12OrangutanLCD19loadCustomCharacterEPKch
                0x00000b36       0x4e c:/programdata/winavr-20100110/bin/../lib/gcc/avr/4.3.3/../../../../avr/lib\libpololu_atmega328p.a(OrangutanLCD.o)
                0x00000b36                OrangutanLCD::loadCustomCharacter(char const*, unsigned char)
 .text.lcd_load_custom_character
                0x00000b84        0x6 c:/programdata/winavr-20100110/bin/../lib/gcc/avr/4.3.3/../../../../avr/lib\libpololu_atmega328p.a(OrangutanLCD.o)
                0x00000b84                lcd_load_custom_character
 .text.print_character
                0x00000b8a        0x6 c:/programdata/winavr-20100110/bin/../lib/gcc/avr/4.3.3/../../../../avr/lib\libpololu_atmega328p.a(OrangutanLCD.o)
                0x00000b8a                print_character
 .text._ZN12OrangutanLCD13send_4bit_cmdEh
                0x00000b90        0xa c:/programdata/winavr-20100110/bin/../lib/gcc/avr/4.3.3/../../../../avr/lib\libpololu_atmega328p.a(OrangutanLCD.o)
                0x00000b90                OrangutanLCD::send_4bit_cmd(unsigned char)
 .text._ZN12OrangutanLCD5init2Ev
                0x00000b9a       0x7e c:/programdata/winavr-20100110/bin/../lib/gcc/avr/4.3.3/../../../../avr/lib\libpololu_atmega328p.a(OrangutanLCD.o)
                0x00000b9a                OrangutanLCD::init2()
 .text._ZN12OrangutanLCD4initEv
                0x00000c18       0x14 c:/programdata/winavr-20100110/bin/../lib/gcc/avr/4.3.3/../../../../avr/lib\libpololu_atmega328p.a(OrangutanLCD.o)
                0x00000c18                OrangutanLCD::init()
 .text._ZN12OrangutanLCD5clearEv
                0x00000c2c       0x58 c:/programdata/winavr-20100110/bin/../lib/gcc/avr/4.3.3/../../../../avr/lib\libpololu_atmega328p.a(OrangutanLCD.o)
                0x00000c2c                OrangutanLCD::clear()
 .text.clear    0x00000c84        0x6 c:/programdata/winavr-20100110/bin/../lib/gcc/avr/4.3.3/../../../../avr/lib\libpololu_atmega328p.a(OrangutanLCD.o)
                0x00000c84                clear
 .text._ZN12OrangutanLCD5printEc
                0x00000c8a        0x6 c:/programdata/winavr-20100110/bin/../lib/gcc/avr/4.3.3/../../../../avr/lib\libpololu_atmega328p.a(OrangutanLCD.o)
                0x00000c8a                OrangutanLCD::print(char)
 .text._ZN12OrangutanLCD5printEPKc
                0x00000c90       0x28 c:/programdata/winavr-20100110/bin/../lib/gcc/avr/4.3.3/../../../../avr/lib\libpololu_atmega328p.a(OrangutanLCD.o)
                0x00000c90                OrangutanLCD::print(char const*)
 .text.print    0x00000cb8        0x6 c:/programdata/winavr-20100110/bin/../lib/gcc/avr/4.3.3/../../../../avr/lib\libpololu_atmega328p.a(OrangutanLCD.o)
                0x00000cb8                print
 .text._ZN12OrangutanLCD21printFromProgramSpaceEPKc
                0x00000cbe       0x1c c:/programdata/winavr-20100110/bin/../lib/gcc/avr/4.3.3/../../../../avr/lib\libpololu_atmega328p.a(OrangutanLCD.o)
                0x00000cbe                OrangutanLCD::printFromProgramSpace(char const*)
 .text.print_from_program_space
                0x00000cda        0x6 c:/programdata/winavr-20100110/bin/../lib/gcc/avr/4.3.3/../../../../avr/lib\libpololu_atmega328p.a(OrangutanLCD.o)
                0x00000cda                print_from_program_space
 .text._ZN12OrangutanLCD7printInEPKc
                0x00000ce0        0x6 c:/programdata/winavr-20100110/bin/../lib/gcc/avr/4.3.3/../../../../avr/lib\libpololu_atmega328p.a(OrangutanLCD.o)
                0x00000ce0                OrangutanLCD::printIn(char const*)
 .text._ZN12OrangutanLCD5printEm
                0x00000ce6       0x7c c:/programdata/winavr-20100110/bin/../lib/gcc/avr/4.3.3/../../../../avr/lib\libpololu_atmega328p.a(OrangutanLCD.o)
                0x00000ce6                OrangutanLCD::print(unsigned long)
 .text._ZN12OrangutanLCD5printEl
                0x00000d62       0x38 c:/programdata/winavr-20100110/bin/../lib/gcc/avr/4.3.3/../../../../avr/lib\libpololu_atmega328p.a(OrangutanLCD.o)
                0x00000d62                OrangutanLCD::print(long)
 .text.print_long
                0x00000d9a        0x6 c:/programdata/winavr-20100110/bin/../lib/gcc/avr/4.3.3/../../../../avr/lib\libpololu_atmega328p.a(OrangutanLCD.o)
                0x00000d9a                print_long
 .text.print_unsigned_long
                0x00000da0        0x6 c:/programdata/winavr-20100110/bin/../lib/gcc/avr/4.3.3/../../../../avr/lib\libpololu_atmega328p.a(OrangutanLCD.o)
                0x00000da0                print_unsigned_long
 .text._ZN12OrangutanLCD14printHexNibbleEh
                0x00000da6       0x10 c:/programdata/winavr-20100110/bin/../lib/gcc/avr/4.3.3/../../../../avr/lib\libpololu_atmega328p.a(OrangutanLCD.o)
                0x00000da6                OrangutanLCD::printHexNibble(unsigned char)
 .text._ZN12OrangutanLCD8printHexEh
                0x00000db6       0x18 c:/programdata/winavr-20100110/bin/../lib/gcc/avr/4.3.3/../../../../avr/lib\libpololu_atmega328p.a(OrangutanLCD.o)
                0x00000db6                OrangutanLCD::printHex(unsigned char)
 .text._ZN12OrangutanLCD8printHexEj
                0x00000dce       0x14 c:/programdata/winavr-20100110/bin/../lib/gcc/avr/4.3.3/../../../../avr/lib\libpololu_atmega328p.a(OrangutanLCD.o)
                0x00000dce                OrangutanLCD::printHex(unsigned int)
 .text.print_hex
                0x00000de2        0x6 c:/programdata/winavr-20100110/bin/../lib/gcc/avr/4.3.3/../../../../avr/lib\libpololu_atmega328p.a(OrangutanLCD.o)
                0x00000de2                print_hex
 .text.print_hex_byte
                0x00000de8        0x6 c:/programdata/winavr-20100110/bin/../lib/gcc/avr/4.3.3/../../../../avr/lib\libpololu_atmega328p.a(OrangutanLCD.o)
                0x00000de8                print_hex_byte
 .text._ZN12OrangutanLCD11printBinaryEh
                0x00000dee       0x2c c:/programdata/winavr-20100110/bin/../lib/gcc/avr/4.3.3/../../../../avr/lib\libpololu_atmega328p.a(OrangutanLCD.o)
                0x00000dee                OrangutanLCD::printBinary(unsigned char)
 .text.print_binary
                0x00000e1a        0x6 c:/programdata/winavr-20100110/bin/../lib/gcc/avr/4.3.3/../../../../avr/lib\libpololu_atmega328p.a(OrangutanLCD.o)
                0x00000e1a                print_binary
 .text._ZN12OrangutanLCD6gotoXYEhh
                0x00000e20       0x40 c:/programdata/winavr-20100110/bin/../lib/gcc/avr/4.3.3/../../../../avr/lib\libpololu_atmega328p.a(OrangutanLCD.o)
                0x00000e20                OrangutanLCD::gotoXY(unsigned char, unsigned char)
 .text.lcd_goto_xy
                0x00000e60        0x6 c:/programdata/winavr-20100110/bin/../lib/gcc/avr/4.3.3/../../../../avr/lib\libpololu_atmega328p.a(OrangutanLCD.o)
                0x00000e60                lcd_goto_xy
 .text.lcd_putchar
                0x00000e66      0x224 c:/programdata/winavr-20100110/bin/../lib/gcc/avr/4.3.3/../../../../avr/lib\libpololu_atmega328p.a(OrangutanLCD.o)
                0x00000e66                lcd_putchar
 .text._ZN12OrangutanLCD10showCursorEh
                0x0000108a       0x10 c:/programdata/winavr-20100110/bin/../lib/gcc/avr/4.3.3/../../../../avr/lib\libpololu_atmega328p.a(OrangutanLCD.o)
                0x0000108a                OrangutanLCD::showCursor(unsigned char)
 .text.lcd_show_cursor
                0x0000109a        0x6 c:/programdata/winavr-20100110/bin/../lib/gcc/avr/4.3.3/../../../../avr/lib\libpololu_atmega328p.a(OrangutanLCD.o)
                0x0000109a                lcd_show_cursor
 .text._ZN12OrangutanLCD10hideCursorEv
                0x000010a0        0x8 c:/programdata/winavr-20100110/bin/../lib/gcc/avr/4.3.3/../../../../avr/lib\libpololu_atmega328p.a(OrangutanLCD.o)
                0x000010a0                OrangutanLCD::hideCursor()
 .text.lcd_hide_cursor
                0x000010a8        0x6 c:/programdata/winavr-20100110/bin/../lib/gcc/avr/4.3.3/../../../../avr/lib\libpololu_atmega328p.a(OrangutanLCD.o)
                0x000010a8                lcd_hide_cursor
 .text._ZN12OrangutanLCD10moveCursorEhh
                0x000010ae       0x24 c:/programdata/winavr-20100110/bin/../lib/gcc/avr/4.3.3/../../../../avr/lib\libpololu_atmega328p.a(OrangutanLCD.o)
                0x000010ae                OrangutanLCD::moveCursor(unsigned char, unsigned char)
 .text.lcd_move_cursor
                0x000010d2        0x6 c:/programdata/winavr-20100110/bin/../lib/gcc/avr/4.3.3/../../../../avr/lib\libpololu_atmega328p.a(OrangutanLCD.o)
                0x000010d2                lcd_move_cursor
 .text._ZN12OrangutanLCD6scrollEhhj
                0x000010d8       0x34 c:/programdata/winavr-20100110/bin/../lib/gcc/avr/4.3.3/../../../../avr/lib\libpololu_atmega328p.a(OrangutanLCD.o)
                0x000010d8                OrangutanLCD::scroll(unsigned char, unsigned char, unsigned int)
 .text.lcd_scroll
                0x0000110c        0x6 c:/programdata/winavr-20100110/bin/../lib/gcc/avr/4.3.3/../../../../avr/lib\libpololu_atmega328p.a(OrangutanLCD.o)
                0x0000110c                lcd_scroll
 .text._ZN12OrangutanLCD10initPrintfEv
                0x00001112       0x8a c:/programdata/winavr-20100110/bin/../lib/gcc/avr/4.3.3/../../../../avr/lib\libpololu_atmega328p.a(OrangutanLCD.o)
                0x00001112                OrangutanLCD::initPrintf()
 .text.lcd_init_printf
                0x0000119c        0x6 c:/programdata/winavr-20100110/bin/../lib/gcc/avr/4.3.3/../../../../avr/lib\libpololu_atmega328p.a(OrangutanLCD.o)
                0x0000119c                lcd_init_printf
 .text.lcd_init_printf_with_dimensions
                0x000011a2        0xe c:/programdata/winavr-20100110/bin/../lib/gcc/avr/4.3.3/../../../../avr/lib\libpololu_atmega328p.a(OrangutanLCD.o)
                0x000011a2                lcd_init_printf_with_dimensions
 .text._ZN12OrangutanLCD10initPrintfEhh
                0x000011b0        0xe c:/programdata/winavr-20100110/bin/../lib/gcc/avr/4.3.3/../../../../avr/lib\libpololu_atmega328p.a(OrangutanLCD.o)
                0x000011b0                OrangutanLCD::initPrintf(unsigned char, unsigned char)
 .text._ZN20OrangutanPushbuttonsC2Ev
                0x000011be        0x2 c:/programdata/winavr-20100110/bin/../lib/gcc/avr/4.3.3/../../../../avr/lib\libpololu_atmega328p.a(OrangutanPushbuttons.o)
                0x000011be                OrangutanPushbuttons::OrangutanPushbuttons()
                0x000011be                OrangutanPushbuttons::OrangutanPushbuttons()
 .text._ZN20OrangutanPushbuttons5init2Ev
                0x000011c0       0x20 c:/programdata/winavr-20100110/bin/../lib/gcc/avr/4.3.3/../../../../avr/lib\libpololu_atmega328p.a(OrangutanPushbuttons.o)
                0x000011c0                OrangutanPushbuttons::init2()
 .text._ZN20OrangutanPushbuttons4initEv
                0x000011e0       0x14 c:/programdata/winavr-20100110/bin/../lib/gcc/avr/4.3.3/../../../../avr/lib\libpololu_atmega328p.a(OrangutanPushbuttons.o)
                0x000011e0                OrangutanPushbuttons::init()
 .text._ZN20OrangutanPushbuttons12waitForPressEh
                0x000011f4       0x4a c:/programdata/winavr-20100110/bin/../lib/gcc/avr/4.3.3/../../../../avr/lib\libpololu_atmega328p.a(OrangutanPushbuttons.o)
                0x000011f4                OrangutanPushbuttons::waitForPress(unsigned char)
 .text.wait_for_button_press
                0x0000123e        0x6 c:/programdata/winavr-20100110/bin/../lib/gcc/avr/4.3.3/../../../../avr/lib\libpololu_atmega328p.a(OrangutanPushbuttons.o)
                0x0000123e                wait_for_button_press
 .text._ZN20OrangutanPushbuttons14waitForReleaseEh
                0x00001244       0x24 c:/programdata/winavr-20100110/bin/../lib/gcc/avr/4.3.3/../../../../avr/lib\libpololu_atmega328p.a(OrangutanPushbuttons.o)
                0x00001244                OrangutanPushbuttons::waitForRelease(unsigned char)
 .text.wait_for_button_release
                0x00001268        0x6 c:/programdata/winavr-20100110/bin/../lib/gcc/avr/4.3.3/../../../../avr/lib\libpololu_atmega328p.a(OrangutanPushbuttons.o)
                0x00001268                wait_for_button_release
 .text._ZN20OrangutanPushbuttons13waitForButtonEh
                0x0000126e       0x12 c:/programdata/winavr-20100110/bin/../lib/gcc/avr/4.3.3/../../../../avr/lib\libpololu_atmega328p.a(OrangutanPushbuttons.o)
                0x0000126e                OrangutanPushbuttons::waitForButton(unsigned char)
 .text.wait_for_button
                0x00001280        0x6 c:/programdata/winavr-20100110/bin/../lib/gcc/avr/4.3.3/../../../../avr/lib\libpololu_atmega328p.a(OrangutanPushbuttons.o)
                0x00001280                wait_for_button
 .text._ZN20OrangutanPushbuttons9isPressedEh
                0x00001286       0x22 c:/programdata/winavr-20100110/bin/../lib/gcc/avr/4.3.3/../../../../avr/lib\libpololu_atmega328p.a(OrangutanPushbuttons.o)
                0x00001286                OrangutanPushbuttons::isPressed(unsigned char)
 .text.button_is_pressed
                0x000012a8        0x6 c:/programdata/winavr-20100110/bin/../lib/gcc/avr/4.3.3/../../../../avr/lib\libpololu_atmega328p.a(OrangutanPushbuttons.o)
                0x000012a8                button_is_pressed
 .text._ZN20OrangutanPushbuttons23getSingleDebouncedPressEh
                0x000012ae      0x14e c:/programdata/winavr-20100110/bin/../lib/gcc/avr/4.3.3/../../../../avr/lib\libpololu_atmega328p.a(OrangutanPushbuttons.o)
                0x000012ae                OrangutanPushbuttons::getSingleDebouncedPress(unsigned char)
 .text.get_single_debounced_button_press
                0x000013fc        0x6 c:/programdata/winavr-20100110/bin/../lib/gcc/avr/4.3.3/../../../../avr/lib\libpololu_atmega328p.a(OrangutanPushbuttons.o)
                0x000013fc                get_single_debounced_button_press
 .text._ZN20OrangutanPushbuttons25getSingleDebouncedReleaseEh
                0x00001402      0x14a c:/programdata/winavr-20100110/bin/../lib/gcc/avr/4.3.3/../../../../avr/lib\libpololu_atmega328p.a(OrangutanPushbuttons.o)
                0x00001402                OrangutanPushbuttons::getSingleDebouncedRelease(unsigned char)
 .text.get_single_debounced_button_release
                0x0000154c        0x6 c:/programdata/winavr-20100110/bin/../lib/gcc/avr/4.3.3/../../../../avr/lib\libpololu_atmega328p.a(OrangutanPushbuttons.o)
                0x0000154c                get_single_debounced_button_release
 .text._ZN13OrangutanTime17delayMicrosecondsEj
                0x00001552       0x10 c:/programdata/winavr-20100110/bin/../lib/gcc/avr/4.3.3/../../../../avr/lib\libpololu_atmega328p.a(OrangutanTime.o)
                0x00001552                OrangutanTime::delayMicroseconds(unsigned int)
 .text.__vector_9
                0x00001562       0x74 c:/programdata/winavr-20100110/bin/../lib/gcc/avr/4.3.3/../../../../avr/lib\libpololu_atmega328p.a(OrangutanTime.o)
                0x00001562                __vector_9
 .text.ticks_to_microseconds
                0x000015d6       0x2a c:/programdata/winavr-20100110/bin/../lib/gcc/avr/4.3.3/../../../../avr/lib\libpololu_atmega328p.a(OrangutanTime.o)
                0x000015d6                ticks_to_microseconds
 .text._ZN13OrangutanTime19ticksToMicrosecondsEm
                0x00001600       0x2a c:/programdata/winavr-20100110/bin/../lib/gcc/avr/4.3.3/../../../../avr/lib\libpololu_atmega328p.a(OrangutanTime.o)
                0x00001600                OrangutanTime::ticksToMicroseconds(unsigned long)
 .text._ZN13OrangutanTime17delayMillisecondsEj
                0x0000162a       0x1c c:/programdata/winavr-20100110/bin/../lib/gcc/avr/4.3.3/../../../../avr/lib\libpololu_atmega328p.a(OrangutanTime.o)
                0x0000162a                OrangutanTime::delayMilliseconds(unsigned int)
 .text.delay_ms
                0x00001646        0x6 c:/programdata/winavr-20100110/bin/../lib/gcc/avr/4.3.3/../../../../avr/lib\libpololu_atmega328p.a(OrangutanTime.o)
                0x00001646                delay_ms
 .text._ZN13OrangutanTime5init2Ev
                0x0000164c       0x30 c:/programdata/winavr-20100110/bin/../lib/gcc/avr/4.3.3/../../../../avr/lib\libpololu_atmega328p.a(OrangutanTime.o)
                0x0000164c                OrangutanTime::init2()
 .text._ZN13OrangutanTime4initEv
                0x0000167c       0x14 c:/programdata/winavr-20100110/bin/../lib/gcc/avr/4.3.3/../../../../avr/lib\libpololu_atmega328p.a(OrangutanTime.o)
                0x0000167c                OrangutanTime::init()
 .text._ZN13OrangutanTime2msEv
                0x00001690       0x2a c:/programdata/winavr-20100110/bin/../lib/gcc/avr/4.3.3/../../../../avr/lib\libpololu_atmega328p.a(OrangutanTime.o)
                0x00001690                OrangutanTime::ms()
 .text.get_ms   0x000016ba        0x6 c:/programdata/winavr-20100110/bin/../lib/gcc/avr/4.3.3/../../../../avr/lib\libpololu_atmega328p.a(OrangutanTime.o)
                0x000016ba                get_ms
 .text._ZN13OrangutanTime5ticksEv
                0x000016c0       0x68 c:/programdata/winavr-20100110/bin/../lib/gcc/avr/4.3.3/../../../../avr/lib\libpololu_atmega328p.a(OrangutanTime.o)
                0x000016c0                OrangutanTime::ticks()
 .text.get_ticks
                0x00001728        0x6 c:/programdata/winavr-20100110/bin/../lib/gcc/avr/4.3.3/../../../../avr/lib\libpololu_atmega328p.a(OrangutanTime.o)
                0x00001728                get_ticks
 .text._ZN13OrangutanTime5resetEv
                0x0000172e       0x2e c:/programdata/winavr-20100110/bin/../lib/gcc/avr/4.3.3/../../../../avr/lib\libpololu_atmega328p.a(OrangutanTime.o)
                0x0000172e                OrangutanTime::reset()
 .text.time_reset
                0x0000175c        0x6 c:/programdata/winavr-20100110/bin/../lib/gcc/avr/4.3.3/../../../../avr/lib\libpololu_atmega328p.a(OrangutanTime.o)
                0x0000175c                time_reset
 .text.read_line_sensors
                0x00001762       0x10 c:/programdata/winavr-20100110/bin/../lib/gcc/avr/4.3.3/../../../../avr/lib\libpololu_atmega328p.a(Pololu3pi.o)
                0x00001762                read_line_sensors
 .text.emitters_on
                0x00001772        0xa c:/programdata/winavr-20100110/bin/../lib/gcc/avr/4.3.3/../../../../avr/lib\libpololu_atmega328p.a(Pololu3pi.o)
                0x00001772                emitters_on
 .text.emitters_off
                0x0000177c        0xa c:/programdata/winavr-20100110/bin/../lib/gcc/avr/4.3.3/../../../../avr/lib\libpololu_atmega328p.a(Pololu3pi.o)
                0x0000177c                emitters_off
 .text.calibrate_line_sensors
                0x00001786        0xc c:/programdata/winavr-20100110/bin/../lib/gcc/avr/4.3.3/../../../../avr/lib\libpololu_atmega328p.a(Pololu3pi.o)
                0x00001786                calibrate_line_sensors
 .text.line_sensors_reset_calibration
                0x00001792        0xa c:/programdata/winavr-20100110/bin/../lib/gcc/avr/4.3.3/../../../../avr/lib\libpololu_atmega328p.a(Pololu3pi.o)
                0x00001792                line_sensors_reset_calibration
 .text.read_line_sensors_calibrated
                0x0000179c       0x10 c:/programdata/winavr-20100110/bin/../lib/gcc/avr/4.3.3/../../../../avr/lib\libpololu_atmega328p.a(Pololu3pi.o)
                0x0000179c                read_line_sensors_calibrated
 .text.read_line
                0x000017ac       0x12 c:/programdata/winavr-20100110/bin/../lib/gcc/avr/4.3.3/../../../../avr/lib\libpololu_atmega328p.a(Pololu3pi.o)
                0x000017ac                read_line
 .text.read_line_white
                0x000017be       0x12 c:/programdata/winavr-20100110/bin/../lib/gcc/avr/4.3.3/../../../../avr/lib\libpololu_atmega328p.a(Pololu3pi.o)
                0x000017be                read_line_white
 .text.get_line_sensors_calibrated_minimum_on
                0x000017d0        0xa c:/programdata/winavr-20100110/bin/../lib/gcc/avr/4.3.3/../../../../avr/lib\libpololu_atmega328p.a(Pololu3pi.o)
                0x000017d0                get_line_sensors_calibrated_minimum_on
 .text.get_line_sensors_calibrated_maximum_on
                0x000017da        0xa c:/programdata/winavr-20100110/bin/../lib/gcc/avr/4.3.3/../../../../avr/lib\libpololu_atmega328p.a(Pololu3pi.o)
                0x000017da                get_line_sensors_calibrated_maximum_on
 .text.get_line_sensors_calibrated_minimum_off
                0x000017e4        0xa c:/programdata/winavr-20100110/bin/../lib/gcc/avr/4.3.3/../../../../avr/lib\libpololu_atmega328p.a(Pololu3pi.o)
                0x000017e4                get_line_sensors_calibrated_minimum_off
 .text.get_line_sensors_calibrated_maximum_off
                0x000017ee        0xa c:/programdata/winavr-20100110/bin/../lib/gcc/avr/4.3.3/../../../../avr/lib\libpololu_atmega328p.a(Pololu3pi.o)
                0x000017ee                get_line_sensors_calibrated_maximum_off
 .text._ZN9Pololu3pi4initEjh
                0x000017f8       0x64 c:/programdata/winavr-20100110/bin/../lib/gcc/avr/4.3.3/../../../../avr/lib\libpololu_atmega328p.a(Pololu3pi.o)
                0x000017f8                Pololu3pi::init(unsigned int, unsigned char)
 .text.pololu_3pi_init_disable_emitter_pin
                0x0000185c        0x8 c:/programdata/winavr-20100110/bin/../lib/gcc/avr/4.3.3/../../../../avr/lib\libpololu_atmega328p.a(Pololu3pi.o)
                0x0000185c                pololu_3pi_init_disable_emitter_pin
 .text.pololu_3pi_init
                0x00001864        0x8 c:/programdata/winavr-20100110/bin/../lib/gcc/avr/4.3.3/../../../../avr/lib\libpololu_atmega328p.a(Pololu3pi.o)
                0x00001864                pololu_3pi_init
 .text._ZN9Pololu3pi15readLineSensorsEPjh
                0x0000186c       0x10 c:/programdata/winavr-20100110/bin/../lib/gcc/avr/4.3.3/../../../../avr/lib\libpololu_atmega328p.a(Pololu3pi.o)
                0x0000186c                Pololu3pi::readLineSensors(unsigned int*, unsigned char)
 .text._ZN9Pololu3pi10emittersOnEv
                0x0000187c        0xa c:/programdata/winavr-20100110/bin/../lib/gcc/avr/4.3.3/../../../../avr/lib\libpololu_atmega328p.a(Pololu3pi.o)
                0x0000187c                Pololu3pi::emittersOn()
 .text._ZN9Pololu3pi11emittersOffEv
                0x00001886        0xa c:/programdata/winavr-20100110/bin/../lib/gcc/avr/4.3.3/../../../../avr/lib\libpololu_atmega328p.a(Pololu3pi.o)
                0x00001886                Pololu3pi::emittersOff()
 .text._ZN9Pololu3pi20calibrateLineSensorsEh
                0x00001890        0xa c:/programdata/winavr-20100110/bin/../lib/gcc/avr/4.3.3/../../../../avr/lib\libpololu_atmega328p.a(Pololu3pi.o)
                0x00001890                Pololu3pi::calibrateLineSensors(unsigned char)
 .text._ZN9Pololu3pi27lineSensorsResetCalibrationEv
                0x0000189a        0xa c:/programdata/winavr-20100110/bin/../lib/gcc/avr/4.3.3/../../../../avr/lib\libpololu_atmega328p.a(Pololu3pi.o)
                0x0000189a                Pololu3pi::lineSensorsResetCalibration()
 .text._ZN9Pololu3pi25readLineSensorsCalibratedEPjh
                0x000018a4        0xa c:/programdata/winavr-20100110/bin/../lib/gcc/avr/4.3.3/../../../../avr/lib\libpololu_atmega328p.a(Pololu3pi.o)
                0x000018a4                Pololu3pi::readLineSensorsCalibrated(unsigned int*, unsigned char)
 .text._ZN9Pololu3pi8readLineEPjhh
                0x000018ae        0xa c:/programdata/winavr-20100110/bin/../lib/gcc/avr/4.3.3/../../../../avr/lib\libpololu_atmega328p.a(Pololu3pi.o)
                0x000018ae                Pololu3pi::readLine(unsigned int*, unsigned char, unsigned char)
 .text._ZN9Pololu3pi33getLineSensorsCalibratedMinimumOnEv
                0x000018b8        0xa c:/programdata/winavr-20100110/bin/../lib/gcc/avr/4.3.3/../../../../avr/lib\libpololu_atmega328p.a(Pololu3pi.o)
                0x000018b8                Pololu3pi::getLineSensorsCalibratedMinimumOn()
 .text._ZN9Pololu3pi33getLineSensorsCalibratedMaximumOnEv
                0x000018c2        0xa c:/programdata/winavr-20100110/bin/../lib/gcc/avr/4.3.3/../../../../avr/lib\libpololu_atmega328p.a(Pololu3pi.o)
                0x000018c2                Pololu3pi::getLineSensorsCalibratedMaximumOn()
 .text._ZN9Pololu3pi34getLineSensorsCalibratedMinimumOffEv
                0x000018cc        0xa c:/programdata/winavr-20100110/bin/../lib/gcc/avr/4.3.3/../../../../avr/lib\libpololu_atmega328p.a(Pololu3pi.o)
                0x000018cc                Pololu3pi::getLineSensorsCalibratedMinimumOff()
 .text._ZN9Pololu3pi34getLineSensorsCalibratedMaximumOffEv
                0x000018d6        0xa c:/programdata/winavr-20100110/bin/../lib/gcc/avr/4.3.3/../../../../avr/lib\libpololu_atmega328p.a(Pololu3pi.o)
                0x000018d6                Pololu3pi::getLineSensorsCalibratedMaximumOff()
 .text._GLOBAL__I_pololu_3pi_init
                0x000018e0        0x2 c:/programdata/winavr-20100110/bin/../lib/gcc/avr/4.3.3/../../../../avr/lib\libpololu_atmega328p.a(Pololu3pi.o)
 .text._GLOBAL__D_pololu_3pi_init
                0x000018e2        0xa c:/programdata/winavr-20100110/bin/../lib/gcc/avr/4.3.3/../../../../avr/lib\libpololu_atmega328p.a(Pololu3pi.o)
 .text.delayMicroseconds
                0x000018ec       0x10 c:/programdata/winavr-20100110/bin/../lib/gcc/avr/4.3.3/../../../../avr/lib\libpololu_atmega328p.a(PololuQTRSensors.o)
 .text._ZN16OrangutanDigital14getIORegistersEP8IOStructh
                0x000018fc       0x96 c:/programdata/winavr-20100110/bin/../lib/gcc/avr/4.3.3/../../../../avr/lib\libpololu_atmega328p.a(PololuQTRSensors.o)
                0x000018fc                OrangutanDigital::getIORegisters(IOStruct*, unsigned char)
 .text.qtr_calibrated_minimum_on
                0x00001992        0xe c:/programdata/winavr-20100110/bin/../lib/gcc/avr/4.3.3/../../../../avr/lib\libpololu_atmega328p.a(PololuQTRSensors.o)
                0x00001992                qtr_calibrated_minimum_on
 .text.qtr_calibrated_maximum_on
                0x000019a0        0xe c:/programdata/winavr-20100110/bin/../lib/gcc/avr/4.3.3/../../../../avr/lib\libpololu_atmega328p.a(PololuQTRSensors.o)
                0x000019a0                qtr_calibrated_maximum_on
 .text.qtr_calibrated_minimum_off
                0x000019ae        0xe c:/programdata/winavr-20100110/bin/../lib/gcc/avr/4.3.3/../../../../avr/lib\libpololu_atmega328p.a(PololuQTRSensors.o)
                0x000019ae                qtr_calibrated_minimum_off
 .text.qtr_calibrated_maximum_off
                0x000019bc        0xe c:/programdata/winavr-20100110/bin/../lib/gcc/avr/4.3.3/../../../../avr/lib\libpololu_atmega328p.a(PololuQTRSensors.o)
                0x000019bc                qtr_calibrated_maximum_off
 .text._ZN16PololuQTRSensors4initEhhh
                0x000019ca       0x5a c:/programdata/winavr-20100110/bin/../lib/gcc/avr/4.3.3/../../../../avr/lib\libpololu_atmega328p.a(PololuQTRSensors.o)
                0x000019ca                PololuQTRSensors::init(unsigned char, unsigned char, unsigned char)
 .text._ZN16PololuQTRSensors11emittersOffEv
                0x00001a24       0x2a c:/programdata/winavr-20100110/bin/../lib/gcc/avr/4.3.3/../../../../avr/lib\libpololu_atmega328p.a(PololuQTRSensors.o)
                0x00001a24                PololuQTRSensors::emittersOff()
 .text.qtr_emitters_off
                0x00001a4e        0xe c:/programdata/winavr-20100110/bin/../lib/gcc/avr/4.3.3/../../../../avr/lib\libpololu_atmega328p.a(PololuQTRSensors.o)
                0x00001a4e                qtr_emitters_off
 .text._ZN16PololuQTRSensors10emittersOnEv
                0x00001a5c       0x28 c:/programdata/winavr-20100110/bin/../lib/gcc/avr/4.3.3/../../../../avr/lib\libpololu_atmega328p.a(PololuQTRSensors.o)
                0x00001a5c                PololuQTRSensors::emittersOn()
 .text.qtr_emitters_on
                0x00001a84        0xe c:/programdata/winavr-20100110/bin/../lib/gcc/avr/4.3.3/../../../../avr/lib\libpololu_atmega328p.a(PololuQTRSensors.o)
                0x00001a84                qtr_emitters_on
 .text._ZN16PololuQTRSensors16resetCalibrationEv
                0x00001a92       0x80 c:/programdata/winavr-20100110/bin/../lib/gcc/avr/4.3.3/../../../../avr/lib\libpololu_atmega328p.a(PololuQTRSensors.o)
                0x00001a92                PololuQTRSensors::resetCalibration()
 .text.qtr_reset_calibration
                0x00001b12        0xe c:/programdata/winavr-20100110/bin/../lib/gcc/avr/4.3.3/../../../../avr/lib\libpololu_atmega328p.a(PololuQTRSensors.o)
                0x00001b12                qtr_reset_calibration
 .text._ZN18PololuQTRSensorsRC4initEPhhjh
                0x00001b20       0xb2 c:/programdata/winavr-20100110/bin/../lib/gcc/avr/4.3.3/../../../../avr/lib\libpololu_atmega328p.a(PololuQTRSensors.o)
                0x00001b20                PololuQTRSensorsRC::init(unsigned char*, unsigned char, unsigned int, unsigned char)
 .text._ZN18PololuQTRSensorsRCC2EPhhjh
                0x00001bd2        0xa c:/programdata/winavr-20100110/bin/../lib/gcc/avr/4.3.3/../../../../avr/lib\libpololu_atmega328p.a(PololuQTRSensors.o)
                0x00001bd2                PololuQTRSensorsRC::PololuQTRSensorsRC(unsigned char*, unsigned char, unsigned int, unsigned char)
                0x00001bd2                PololuQTRSensorsRC::PololuQTRSensorsRC(unsigned char*, unsigned char, unsigned int, unsigned char)
 .text.qtr_rc_init
                0x00001bdc       0x4e c:/programdata/winavr-20100110/bin/../lib/gcc/avr/4.3.3/../../../../avr/lib\libpololu_atmega328p.a(PololuQTRSensors.o)
                0x00001bdc                qtr_rc_init
 .text._ZN18PololuQTRSensorsRC11readPrivateEPj
                0x00001c2a      0x1ce c:/programdata/winavr-20100110/bin/../lib/gcc/avr/4.3.3/../../../../avr/lib\libpololu_atmega328p.a(PololuQTRSensors.o)
                0x00001c2a                PololuQTRSensorsRC::readPrivate(unsigned int*)
 .text._ZN22PololuQTRSensorsAnalog4initEPhhhh
                0x00001df8       0x80 c:/programdata/winavr-20100110/bin/../lib/gcc/avr/4.3.3/../../../../avr/lib\libpololu_atmega328p.a(PololuQTRSensors.o)
                0x00001df8                PololuQTRSensorsAnalog::init(unsigned char*, unsigned char, unsigned char, unsigned char)
 .text._ZN22PololuQTRSensorsAnalogC2EPhhhh
                0x00001e78        0xa c:/programdata/winavr-20100110/bin/../lib/gcc/avr/4.3.3/../../../../avr/lib\libpololu_atmega328p.a(PololuQTRSensors.o)
                0x00001e78                PololuQTRSensorsAnalog::PololuQTRSensorsAnalog(unsigned char*, unsigned char, unsigned char, unsigned char)
                0x00001e78                PololuQTRSensorsAnalog::PololuQTRSensorsAnalog(unsigned char*, unsigned char, unsigned char, unsigned char)
 .text.qtr_analog_init
                0x00001e82       0x5e c:/programdata/winavr-20100110/bin/../lib/gcc/avr/4.3.3/../../../../avr/lib\libpololu_atmega328p.a(PololuQTRSensors.o)
                0x00001e82                qtr_analog_init
 .text._ZN22PololuQTRSensorsAnalog11readPrivateEPj
                0x00001ee0      0x104 c:/programdata/winavr-20100110/bin/../lib/gcc/avr/4.3.3/../../../../avr/lib\libpololu_atmega328p.a(PololuQTRSensors.o)
                0x00001ee0                PololuQTRSensorsAnalog::readPrivate(unsigned int*)
 .text._ZN16PololuQTRSensors4readEPjh
                0x00001fe4       0xbe c:/programdata/winavr-20100110/bin/../lib/gcc/avr/4.3.3/../../../../avr/lib\libpololu_atmega328p.a(PololuQTRSensors.o)
                0x00001fe4                PololuQTRSensors::read(unsigned int*, unsigned char)
 .text._ZN16PololuQTRSensors14readCalibratedEPjh
                0x000020a2      0x188 c:/programdata/winavr-20100110/bin/../lib/gcc/avr/4.3.3/../../../../avr/lib\libpololu_atmega328p.a(PololuQTRSensors.o)
                0x000020a2                PololuQTRSensors::readCalibrated(unsigned int*, unsigned char)
 .text._ZN16PololuQTRSensors8readLineEPjhh
                0x0000222a      0x136 c:/programdata/winavr-20100110/bin/../lib/gcc/avr/4.3.3/../../../../avr/lib\libpololu_atmega328p.a(PololuQTRSensors.o)
                0x0000222a                PololuQTRSensors::readLine(unsigned int*, unsigned char, unsigned char)
 .text.qtr_read_line_white
                0x00002360       0x16 c:/programdata/winavr-20100110/bin/../lib/gcc/avr/4.3.3/../../../../avr/lib\libpololu_atmega328p.a(PololuQTRSensors.o)
                0x00002360                qtr_read_line_white
 .text.qtr_read_line
                0x00002376       0x16 c:/programdata/winavr-20100110/bin/../lib/gcc/avr/4.3.3/../../../../avr/lib\libpololu_atmega328p.a(PololuQTRSensors.o)
                0x00002376                qtr_read_line
 .text.qtr_read_calibrated
                0x0000238c       0x14 c:/programdata/winavr-20100110/bin/../lib/gcc/avr/4.3.3/../../../../avr/lib\libpololu_atmega328p.a(PololuQTRSensors.o)
                0x0000238c                qtr_read_calibrated
 .text._ZN16PololuQTRSensors16calibrateOnOrOffEPPjS1_h
                0x000023a0      0x20e c:/programdata/winavr-20100110/bin/../lib/gcc/avr/4.3.3/../../../../avr/lib\libpololu_atmega328p.a(PololuQTRSensors.o)
                0x000023a0                PololuQTRSensors::calibrateOnOrOff(unsigned int**, unsigned int**, unsigned char)
 .text._ZN16PololuQTRSensors9calibrateEh
                0x000025ae       0x48 c:/programdata/winavr-20100110/bin/../lib/gcc/avr/4.3.3/../../../../avr/lib\libpololu_atmega328p.a(PololuQTRSensors.o)
                0x000025ae                PololuQTRSensors::calibrate(unsigned char)
 .text.qtr_calibrate
                0x000025f6       0x10 c:/programdata/winavr-20100110/bin/../lib/gcc/avr/4.3.3/../../../../avr/lib\libpololu_atmega328p.a(PololuQTRSensors.o)
                0x000025f6                qtr_calibrate
 .text.qtr_read
                0x00002606       0x14 c:/programdata/winavr-20100110/bin/../lib/gcc/avr/4.3.3/../../../../avr/lib\libpololu_atmega328p.a(PololuQTRSensors.o)
                0x00002606                qtr_read
 .text._ZN16PololuQTRSensorsD2Ev
                0x0000261a       0x3c c:/programdata/winavr-20100110/bin/../lib/gcc/avr/4.3.3/../../../../avr/lib\libpololu_atmega328p.a(PololuQTRSensors.o)
                0x0000261a                PololuQTRSensors::~PololuQTRSensors()
                0x0000261a                PololuQTRSensors::~PololuQTRSensors()
 .text.libgcc   0x00002656       0x3e c:/programdata/winavr-20100110/bin/../lib/gcc/avr/4.3.3/avr5\libgcc.a(_mulsi3.o)
                0x00002656                __mulsi3
 .text.libgcc   0x00002694       0x18 c:/programdata/winavr-20100110/bin/../lib/gcc/avr/4.3.3/avr5\libgcc.a(_udivmodqi4.o)
                0x00002694                __udivmodqi4
 .text.libgcc   0x000026ac       0x28 c:/programdata/winavr-20100110/bin/../lib/gcc/avr/4.3.3/avr5\libgcc.a(_udivmodhi4.o)
                0x000026ac                __udivmodhi4
 .text.libgcc   0x000026d4       0x44 c:/programdata/winavr-20100110/bin/../lib/gcc/avr/4.3.3/avr5\libgcc.a(_udivmodsi4.o)
                0x000026d4                __udivmodsi4
 .text.libgcc   0x00002718       0x36 c:/programdata/winavr-20100110/bin/../lib/gcc/avr/4.3.3/avr5\libgcc.a(_divmodsi4.o)
                0x00002718                __divmodsi4
 .text.libgcc   0x0000274e       0x38 c:/programdata/winavr-20100110/bin/../lib/gcc/avr/4.3.3/avr5\libgcc.a(_prologue.o)
                0x0000274e                __prologue_saves__
 .text.libgcc   0x00002786       0x36 c:/programdata/winavr-20100110/bin/../lib/gcc/avr/4.3.3/avr5\libgcc.a(_epilogue.o)
                0x00002786                __epilogue_restores__
 .text.libgcc   0x000027bc        0x0 c:/programdata/winavr-20100110/bin/../lib/gcc/avr/4.3.3/avr5\libgcc.a(_copy_data.o)
 .text.libgcc   0x000027bc        0x0 c:/programdata/winavr-20100110/bin/../lib/gcc/avr/4.3.3/avr5\libgcc.a(_clear_bss.o)
 .text.libgcc   0x000027bc        0x0 c:/programdata/winavr-20100110/bin/../lib/gcc/avr/4.3.3/avr5\libgcc.a(_ctors.o)
 .text.libgcc   0x000027bc        0x0 c:/programdata/winavr-20100110/bin/../lib/gcc/avr/4.3.3/avr5\libgcc.a(_dtors.o)
 .text.libgcc   0x000027bc        0xc c:/programdata/winavr-20100110/bin/../lib/gcc/avr/4.3.3/avr5\libgcc.a(_tablejump.o)
                0x000027c0                __tablejump__
                0x000027bc                __tablejump2__
 .text.avr-libc
                0x000027c8      0x20a c:/programdata/winavr-20100110/bin/../lib/gcc/avr/4.3.3/../../../../avr/lib/avr5\libc.a(malloc.o)
                0x000027c8                malloc
                0x00002922                free
 .text.avr-libc
                0x000029d2       0x98 c:/programdata/winavr-20100110/bin/../lib/gcc/avr/4.3.3/../../../../avr/lib/avr5\libc.a(fdevopen.o)
                0x000029d2                fdevopen
 .text.avr-libc
                0x00002a6a       0x2a c:/programdata/winavr-20100110/bin/../lib/gcc/avr/4.3.3/../../../../avr/lib/avr5\libc.a(printf.o)
                0x00002a6a                printf
 .text.avr-libc
                0x00002a94      0x3ba c:/programdata/winavr-20100110/bin/../lib/gcc/avr/4.3.3/../../../../avr/lib/avr5\libc.a(vfprintf_std.o)
                0x00002a94                vfprintf
 .text.avr-libc
                0x00002e4e       0x38 c:/programdata/winavr-20100110/bin/../lib/gcc/avr/4.3.3/../../../../avr/lib/avr5\libc.a(calloc.o)
                0x00002e4e                calloc
 .text.avr-libc
                0x00002e86       0x16 c:/programdata/winavr-20100110/bin/../lib/gcc/avr/4.3.3/../../../../avr/lib/avr5\libc.a(strnlen_P.o)
                0x00002e86                strnlen_P
 .text.avr-libc
                0x00002e9c        0xe c:/programdata/winavr-20100110/bin/../lib/gcc/avr/4.3.3/../../../../avr/lib/avr5\libc.a(memset.o)
                0x00002e9c                memset
 .text.avr-libc
                0x00002eaa       0x16 c:/programdata/winavr-20100110/bin/../lib/gcc/avr/4.3.3/../../../../avr/lib/avr5\libc.a(strnlen.o)
                0x00002eaa                strnlen
 .text.avr-libc
                0x00002ec0       0x58 c:/programdata/winavr-20100110/bin/../lib/gcc/avr/4.3.3/../../../../avr/lib/avr5\libc.a(fputc.o)
                0x00002ec0                fputc
 .text.avr-libc
                0x00002f18       0xbc c:/programdata/winavr-20100110/bin/../lib/gcc/avr/4.3.3/../../../../avr/lib/avr5\libc.a(ultoa_invert.o)
                0x00002f18                __ultoa_invert
                0x00002fd4                . = ALIGN (0x2)
 *(.fini9)
 .fini9         0x00002fd4        0x0 c:/programdata/winavr-20100110/bin/../lib/gcc/avr/4.3.3/avr5\libgcc.a(_exit.o)
                0x00002fd4                _exit
 *(.fini9)
 *(.fini8)
 *(.fini8)
 *(.fini7)
 *(.fini7)
 *(.fini6)
 .fini6         0x00002fd4       0x16 c:/programdata/winavr-20100110/bin/../lib/gcc/avr/4.3.3/avr5\libgcc.a(_dtors.o)
                0x00002fd4                __do_global_dtors
 *(.fini6)
 *(.fini5)
 *(.fini5)
 *(.fini4)
 *(.fini4)
 *(.fini3)
 *(.fini3)
 *(.fini2)
 *(.fini2)
 *(.fini1)
 *(.fini1)
 *(.fini0)
 .fini0         0x00002fea        0x4 c:/programdata/winavr-20100110/bin/../lib/gcc/avr/4.3.3/avr5\libgcc.a(_exit.o)
 *(.fini0)
                0x00002fee                _etext = .

.data           0x00800100       0x40 load address 0x00002fee
                0x00800100                PROVIDE (__data_start, .)
 *(.data)
 .data          0x00800100        0x0 c:/programdata/winavr-20100110/bin/../lib/gcc/avr/4.3.3/../../../../avr/lib/avr5/crtm328p.o
 .data          0x00800100        0x0 c:/programdata/winavr-20100110/bin/../lib/gcc/avr/4.3.3/../../../../avr/lib/avr5\libc.a(exit.o)
 .data          0x00800100        0x0 c:/programdata/winavr-20100110/bin/../lib/gcc/avr/4.3.3/avr5\libgcc.a(_exit.o)
 .data          0x00800100       0x11 CMakeFiles/robot-atmega328p.elf.dir/src/main.c.obj
 .data          0x00800111       0x22 c:/programdata/winavr-20100110/bin/../lib/gcc/avr/4.3.3/../../../../avr/lib\libpololu_atmega328p.a(OrangutanBuzzer.o)
                0x00800111                buzzerFinished
 .data          0x00800133        0x2 c:/programdata/winavr-20100110/bin/../lib/gcc/avr/4.3.3/../../../../avr/lib\libpololu_atmega328p.a(OrangutanLCD.o)
                0x00800134                numLCDCols
                0x00800133                numLCDRows
 .data          0x00800135        0x0 c:/programdata/winavr-20100110/bin/../lib/gcc/avr/4.3.3/../../../../avr/lib\libpololu_atmega328p.a(OrangutanPushbuttons.o)
 .data          0x00800135        0x0 c:/programdata/winavr-20100110/bin/../lib/gcc/avr/4.3.3/../../../../avr/lib\libpololu_atmega328p.a(OrangutanTime.o)
 .data          0x00800135        0x5 c:/programdata/winavr-20100110/bin/../lib/gcc/avr/4.3.3/../../../../avr/lib\libpololu_atmega328p.a(Pololu3pi.o)
 .data          0x0080013a        0x0 c:/programdata/winavr-20100110/bin/../lib/gcc/avr/4.3.3/../../../../avr/lib\libpololu_atmega328p.a(PololuQTRSensors.o)
 .data          0x0080013a        0x0 c:/programdata/winavr-20100110/bin/../lib/gcc/avr/4.3.3/avr5\libgcc.a(_mulsi3.o)
 .data          0x0080013a        0x0 c:/programdata/winavr-20100110/bin/../lib/gcc/avr/4.3.3/avr5\libgcc.a(_udivmodqi4.o)
 .data          0x0080013a        0x0 c:/programdata/winavr-20100110/bin/../lib/gcc/avr/4.3.3/avr5\libgcc.a(_udivmodhi4.o)
 .data          0x0080013a        0x0 c:/programdata/winavr-20100110/bin/../lib/gcc/avr/4.3.3/avr5\libgcc.a(_udivmodsi4.o)
 .data          0x0080013a        0x0 c:/programdata/winavr-20100110/bin/../lib/gcc/avr/4.3.3/avr5\libgcc.a(_divmodsi4.o)
 .data          0x0080013a        0x0 c:/programdata/winavr-20100110/bin/../lib/gcc/avr/4.3.3/avr5\libgcc.a(_prologue.o)
 .data          0x0080013a        0x0 c:/programdata/winavr-20100110/bin/../lib/gcc/avr/4.3.3/avr5\libgcc.a(_epilogue.o)
 .data          0x0080013a        0x0 c:/programdata/winavr-20100110/bin/../lib/gcc/avr/4.3.3/avr5\libgcc.a(_copy_data.o)
 .data          0x0080013a        0x0 c:/programdata/winavr-20100110/bin/../lib/gcc/avr/4.3.3/avr5\libgcc.a(_clear_bss.o)
 .data          0x0080013a        0x0 c:/programdata/winavr-20100110/bin/../lib/gcc/avr/4.3.3/avr5\libgcc.a(_ctors.o)
 .data          0x0080013a        0x0 c:/programdata/winavr-20100110/bin/../lib/gcc/avr/4.3.3/avr5\libgcc.a(_dtors.o)
 .data          0x0080013a        0x0 c:/programdata/winavr-20100110/bin/../lib/gcc/avr/4.3.3/avr5\libgcc.a(_tablejump.o)
 .data          0x0080013a        0x6 c:/programdata/winavr-20100110/bin/../lib/gcc/avr/4.3.3/../../../../avr/lib/avr5\libc.a(malloc.o)
                0x0080013c                __malloc_heap_start
                0x0080013e                __malloc_heap_end
                0x0080013a                __malloc_margin
 .data          0x00800140        0x0 c:/programdata/winavr-20100110/bin/../lib/gcc/avr/4.3.3/../../../../avr/lib/avr5\libc.a(fdevopen.o)
 .data          0x00800140        0x0 c:/programdata/winavr-20100110/bin/../lib/gcc/avr/4.3.3/../../../../avr/lib/avr5\libc.a(iob.o)
 .data          0x00800140        0x0 c:/programdata/winavr-20100110/bin/../lib/gcc/avr/4.3.3/../../../../avr/lib/avr5\libc.a(printf.o)
 .data          0x00800140        0x0 c:/programdata/winavr-20100110/bin/../lib/gcc/avr/4.3.3/../../../../avr/lib/avr5\libc.a(vfprintf_std.o)
 .data          0x00800140        0x0 c:/programdata/winavr-20100110/bin/../lib/gcc/avr/4.3.3/../../../../avr/lib/avr5\libc.a(calloc.o)
 .data          0x00800140        0x0 c:/programdata/winavr-20100110/bin/../lib/gcc/avr/4.3.3/../../../../avr/lib/avr5\libc.a(strnlen_P.o)
 .data          0x00800140        0x0 c:/programdata/winavr-20100110/bin/../lib/gcc/avr/4.3.3/../../../../avr/lib/avr5\libc.a(memset.o)
 .data          0x00800140        0x0 c:/programdata/winavr-20100110/bin/../lib/gcc/avr/4.3.3/../../../../avr/lib/avr5\libc.a(strnlen.o)
 .data          0x00800140        0x0 c:/programdata/winavr-20100110/bin/../lib/gcc/avr/4.3.3/../../../../avr/lib/avr5\libc.a(fputc.o)
 .data          0x00800140        0x0 c:/programdata/winavr-20100110/bin/../lib/gcc/avr/4.3.3/../../../../avr/lib/avr5\libc.a(ultoa_invert.o)
 *(.data*)
 *(.rodata)
 *(.rodata*)
 *(.gnu.linkonce.d*)
                0x00800140                . = ALIGN (0x2)
                0x00800140                _edata = .
                0x00800140                PROVIDE (__data_end, .)

.bss            0x00800140       0x7c
                0x00800140                PROVIDE (__bss_start, .)
 *(.bss)
 .bss           0x00800140        0x0 c:/programdata/winavr-20100110/bin/../lib/gcc/avr/4.3.3/../../../../avr/lib/avr5/crtm328p.o
 .bss           0x00800140        0x0 c:/programdata/winavr-20100110/bin/../lib/gcc/avr/4.3.3/../../../../avr/lib/avr5\libc.a(exit.o)
 .bss           0x00800140        0x0 c:/programdata/winavr-20100110/bin/../lib/gcc/avr/4.3.3/avr5\libgcc.a(_exit.o)
 .bss           0x00800140        0x0 CMakeFiles/robot-atmega328p.elf.dir/src/main.c.obj
 .bss           0x00800140        0x9 c:/programdata/winavr-20100110/bin/../lib/gcc/avr/4.3.3/../../../../avr/lib\libpololu_atmega328p.a(OrangutanBuzzer.o)
                0x00800140                buzzerInitialized
                0x00800141                buzzerSequence
 .bss           0x00800149        0x9 c:/programdata/winavr-20100110/bin/../lib/gcc/avr/4.3.3/../../../../avr/lib\libpololu_atmega328p.a(OrangutanLCD.o)
                0x00800149                printf_chars
                0x0080014d                lcdTimeout
                0x0080014c                col
                0x00800151                OrangutanLCD::init()::initialized
                0x0080014b                row
 .bss           0x00800152        0xd c:/programdata/winavr-20100110/bin/../lib/gcc/avr/4.3.3/../../../../avr/lib\libpololu_atmega328p.a(OrangutanPushbuttons.o)
                0x00800152                OrangutanPushbuttons::init()::initialized
 .bss           0x0080015f        0xb c:/programdata/winavr-20100110/bin/../lib/gcc/avr/4.3.3/../../../../avr/lib\libpololu_atmega328p.a(OrangutanTime.o)
                0x00800169                OrangutanTime::init()::initialized
                0x0080015f                tickCount
                0x00800163                msCounter
                0x00800167                us_over_10
 .bss           0x0080016a       0x44 c:/programdata/winavr-20100110/bin/../lib/gcc/avr/4.3.3/../../../../avr/lib\libpololu_atmega328p.a(Pololu3pi.o)
 .bss           0x008001ae        0x4 c:/programdata/winavr-20100110/bin/../lib/gcc/avr/4.3.3/../../../../avr/lib\libpololu_atmega328p.a(PololuQTRSensors.o)
 .bss           0x008001b2        0x0 c:/programdata/winavr-20100110/bin/../lib/gcc/avr/4.3.3/avr5\libgcc.a(_mulsi3.o)
 .bss           0x008001b2        0x0 c:/programdata/winavr-20100110/bin/../lib/gcc/avr/4.3.3/avr5\libgcc.a(_udivmodqi4.o)
 .bss           0x008001b2        0x0 c:/programdata/winavr-20100110/bin/../lib/gcc/avr/4.3.3/avr5\libgcc.a(_udivmodhi4.o)
 .bss           0x008001b2        0x0 c:/programdata/winavr-20100110/bin/../lib/gcc/avr/4.3.3/avr5\libgcc.a(_udivmodsi4.o)
 .bss           0x008001b2        0x0 c:/programdata/winavr-20100110/bin/../lib/gcc/avr/4.3.3/avr5\libgcc.a(_divmodsi4.o)
 .bss           0x008001b2        0x0 c:/programdata/winavr-20100110/bin/../lib/gcc/avr/4.3.3/avr5\libgcc.a(_prologue.o)
 .bss           0x008001b2        0x0 c:/programdata/winavr-20100110/bin/../lib/gcc/avr/4.3.3/avr5\libgcc.a(_epilogue.o)
 .bss           0x008001b2        0x0 c:/programdata/winavr-20100110/bin/../lib/gcc/avr/4.3.3/avr5\libgcc.a(_copy_data.o)
 .bss           0x008001b2        0x0 c:/programdata/winavr-20100110/bin/../lib/gcc/avr/4.3.3/avr5\libgcc.a(_clear_bss.o)
 .bss           0x008001b2        0x0 c:/programdata/winavr-20100110/bin/../lib/gcc/avr/4.3.3/avr5\libgcc.a(_ctors.o)
 .bss           0x008001b2        0x0 c:/programdata/winavr-20100110/bin/../lib/gcc/avr/4.3.3/avr5\libgcc.a(_dtors.o)
 .bss           0x008001b2        0x0 c:/programdata/winavr-20100110/bin/../lib/gcc/avr/4.3.3/avr5\libgcc.a(_tablejump.o)
 .bss           0x008001b2        0x0 c:/programdata/winavr-20100110/bin/../lib/gcc/avr/4.3.3/../../../../avr/lib/avr5\libc.a(malloc.o)
 .bss           0x008001b2        0x0 c:/programdata/winavr-20100110/bin/../lib/gcc/avr/4.3.3/../../../../avr/lib/avr5\libc.a(fdevopen.o)
 .bss           0x008001b2        0x0 c:/programdata/winavr-20100110/bin/../lib/gcc/avr/4.3.3/../../../../avr/lib/avr5\libc.a(iob.o)
 .bss           0x008001b2        0x0 c:/programdata/winavr-20100110/bin/../lib/gcc/avr/4.3.3/../../../../avr/lib/avr5\libc.a(printf.o)
 .bss           0x008001b2        0x0 c:/programdata/winavr-20100110/bin/../lib/gcc/avr/4.3.3/../../../../avr/lib/avr5\libc.a(vfprintf_std.o)
 .bss           0x008001b2        0x0 c:/programdata/winavr-20100110/bin/../lib/gcc/avr/4.3.3/../../../../avr/lib/avr5\libc.a(calloc.o)
 .bss           0x008001b2        0x0 c:/programdata/winavr-20100110/bin/../lib/gcc/avr/4.3.3/../../../../avr/lib/avr5\libc.a(strnlen_P.o)
 .bss           0x008001b2        0x0 c:/programdata/winavr-20100110/bin/../lib/gcc/avr/4.3.3/../../../../avr/lib/avr5\libc.a(memset.o)
 .bss           0x008001b2        0x0 c:/programdata/winavr-20100110/bin/../lib/gcc/avr/4.3.3/../../../../avr/lib/avr5\libc.a(strnlen.o)
 .bss           0x008001b2        0x0 c:/programdata/winavr-20100110/bin/../lib/gcc/avr/4.3.3/../../../../avr/lib/avr5\libc.a(fputc.o)
 .bss           0x008001b2        0x0 c:/programdata/winavr-20100110/bin/../lib/gcc/avr/4.3.3/../../../../avr/lib/avr5\libc.a(ultoa_invert.o)
 *(.bss*)
 *(COMMON)
 COMMON         0x008001b2        0x4 c:/programdata/winavr-20100110/bin/../lib/gcc/avr/4.3.3/../../../../avr/lib/avr5\libc.a(malloc.o)
                0x008001b2                __brkval
                0x008001b4                __flp
 COMMON         0x008001b6        0x6 c:/programdata/winavr-20100110/bin/../lib/gcc/avr/4.3.3/../../../../avr/lib/avr5\libc.a(iob.o)
                0x008001b6                __iob
                0x008001bc                PROVIDE (__bss_end, .)
                0x00002fee                __data_load_start = LOADADDR (.data)
                0x0000302e                __data_load_end = (__data_load_start + SIZEOF (.data))

.noinit         0x008001bc        0x0
                0x008001bc                PROVIDE (__noinit_start, .)
 *(.noinit*)
                0x008001bc                PROVIDE (__noinit_end, .)
                0x008001bc                _end = .
                0x008001bc                PROVIDE (__heap_start, .)

.eeprom         0x00810000        0x0
 *(.eeprom*)
                0x00810000                __eeprom_end = .

.fuse
 *(.fuse)
 *(.lfuse)
 *(.hfuse)
 *(.efuse)

.lock
 *(.lock*)

.signature
 *(.signature*)

.stab           0x00000000     0x7af4
 *(.stab)
 .stab          0x00000000     0x156c c:/programdata/winavr-20100110/bin/../lib/gcc/avr/4.3.3/../../../../avr/lib\libpololu_atmega328p.a(OrangutanBuzzer.o)
 .stab          0x0000156c     0x2094 c:/programdata/winavr-20100110/bin/../lib/gcc/avr/4.3.3/../../../../avr/lib\libpololu_atmega328p.a(OrangutanLCD.o)
                               0x20a0 (size before relaxing)
 .stab          0x00003600      0xcd8 c:/programdata/winavr-20100110/bin/../lib/gcc/avr/4.3.3/../../../../avr/lib\libpololu_atmega328p.a(OrangutanPushbuttons.o)
                                0xce4 (size before relaxing)
 .stab          0x000042d8      0x96c c:/programdata/winavr-20100110/bin/../lib/gcc/avr/4.3.3/../../../../avr/lib\libpololu_atmega328p.a(OrangutanTime.o)
                                0x978 (size before relaxing)
 .stab          0x00004c44      0xdf8 c:/programdata/winavr-20100110/bin/../lib/gcc/avr/4.3.3/../../../../avr/lib\libpololu_atmega328p.a(Pololu3pi.o)
                                0xe04 (size before relaxing)
 .stab          0x00005a3c     0x20b8 c:/programdata/winavr-20100110/bin/../lib/gcc/avr/4.3.3/../../../../avr/lib\libpololu_atmega328p.a(PololuQTRSensors.o)
                               0x20c4 (size before relaxing)

.stabstr        0x00000000     0x75e2
 *(.stabstr)
 .stabstr       0x00000000     0x75e2 c:/programdata/winavr-20100110/bin/../lib/gcc/avr/4.3.3/../../../../avr/lib\libpololu_atmega328p.a(OrangutanBuzzer.o)

.stab.excl
 *(.stab.excl)

.stab.exclstr
 *(.stab.exclstr)

.stab.index
 *(.stab.index)

.stab.indexstr
 *(.stab.indexstr)

.comment
 *(.comment)

.debug
 *(.debug)

.line
 *(.line)

.debug_srcinfo
 *(.debug_srcinfo)

.debug_sfnames
 *(.debug_sfnames)

.debug_aranges
 *(.debug_aranges)

.debug_pubnames
 *(.debug_pubnames)

.debug_info
 *(.debug_info)
 *(.gnu.linkonce.wi.*)

.debug_abbrev
 *(.debug_abbrev)

.debug_line
 *(.debug_line)

.debug_frame
 *(.debug_frame)

.debug_str
 *(.debug_str)

.debug_loc
 *(.debug_loc)

.debug_macinfo
 *(.debug_macinfo)
OUTPUT(robot-atmega328p.elf elf32-avr)
LOAD linker stubs
