Archive member included because of file (symbol)

c:/programdata/winavr-20100110/bin/../lib/gcc/avr/4.3.3/../../../../avr/lib/avr5\libc.a(exit.o)
                              c:/programdata/winavr-20100110/bin/../lib/gcc/avr/4.3.3/../../../../avr/lib/avr5/crtm328p.o (exit)
c:/programdata/winavr-20100110/bin/../lib/gcc/avr/4.3.3/avr5\libgcc.a(_exit.o)
                              c:/programdata/winavr-20100110/bin/../lib/gcc/avr/4.3.3/../../../../avr/lib/avr5\libc.a(exit.o) (_exit)
c:/programdata/winavr-20100110/bin/../lib/gcc/avr/4.3.3/../../../../avr/lib\libpololu_atmega328p.a(OrangutanLCD.o)
                              CMakeFiles/robot-atmega328p.elf.dir/src/main.c.obj (clear)
c:/programdata/winavr-20100110/bin/../lib/gcc/avr/4.3.3/../../../../avr/lib\libpololu_atmega328p.a(OrangutanPushbuttons.o)
                              CMakeFiles/robot-atmega328p.elf.dir/src/main.c.obj (wait_for_button)
c:/programdata/winavr-20100110/bin/../lib/gcc/avr/4.3.3/../../../../avr/lib\libpololu_atmega328p.a(OrangutanTime.o)
                              c:/programdata/winavr-20100110/bin/../lib/gcc/avr/4.3.3/../../../../avr/lib\libpololu_atmega328p.a(OrangutanLCD.o) (delay_ms)
c:/programdata/winavr-20100110/bin/../lib/gcc/avr/4.3.3/../../../../avr/lib\libpololu_atmega328p.a(Pololu3pi.o)
                              CMakeFiles/robot-atmega328p.elf.dir/src/main.c.obj (read_line_sensors)
c:/programdata/winavr-20100110/bin/../lib/gcc/avr/4.3.3/../../../../avr/lib\libpololu_atmega328p.a(PololuQTRSensors.o)
                              c:/programdata/winavr-20100110/bin/../lib/gcc/avr/4.3.3/../../../../avr/lib\libpololu_atmega328p.a(Pololu3pi.o) (PololuQTRSensors::emittersOff())
c:/programdata/winavr-20100110/bin/../lib/gcc/avr/4.3.3/avr5\libgcc.a(_mulsi3.o)
                              c:/programdata/winavr-20100110/bin/../lib/gcc/avr/4.3.3/../../../../avr/lib\libpololu_atmega328p.a(PololuQTRSensors.o) (__mulsi3)
c:/programdata/winavr-20100110/bin/../lib/gcc/avr/4.3.3/avr5\libgcc.a(_udivmodhi4.o)
                              c:/programdata/winavr-20100110/bin/../lib/gcc/avr/4.3.3/../../../../avr/lib\libpololu_atmega328p.a(PololuQTRSensors.o) (__udivmodhi4)
c:/programdata/winavr-20100110/bin/../lib/gcc/avr/4.3.3/avr5\libgcc.a(_udivmodsi4.o)
                              c:/programdata/winavr-20100110/bin/../lib/gcc/avr/4.3.3/../../../../avr/lib\libpololu_atmega328p.a(OrangutanLCD.o) (__udivmodsi4)
c:/programdata/winavr-20100110/bin/../lib/gcc/avr/4.3.3/avr5\libgcc.a(_divmodsi4.o)
                              c:/programdata/winavr-20100110/bin/../lib/gcc/avr/4.3.3/../../../../avr/lib\libpololu_atmega328p.a(PololuQTRSensors.o) (__divmodsi4)
c:/programdata/winavr-20100110/bin/../lib/gcc/avr/4.3.3/avr5\libgcc.a(_prologue.o)
                              c:/programdata/winavr-20100110/bin/../lib/gcc/avr/4.3.3/../../../../avr/lib\libpololu_atmega328p.a(OrangutanLCD.o) (__prologue_saves__)
c:/programdata/winavr-20100110/bin/../lib/gcc/avr/4.3.3/avr5\libgcc.a(_epilogue.o)
                              c:/programdata/winavr-20100110/bin/../lib/gcc/avr/4.3.3/../../../../avr/lib\libpololu_atmega328p.a(OrangutanLCD.o) (__epilogue_restores__)
c:/programdata/winavr-20100110/bin/../lib/gcc/avr/4.3.3/avr5\libgcc.a(_copy_data.o)
                              CMakeFiles/robot-atmega328p.elf.dir/src/main.c.obj (__do_copy_data)
c:/programdata/winavr-20100110/bin/../lib/gcc/avr/4.3.3/avr5\libgcc.a(_clear_bss.o)
                              c:/programdata/winavr-20100110/bin/../lib/gcc/avr/4.3.3/../../../../avr/lib\libpololu_atmega328p.a(OrangutanLCD.o) (__do_clear_bss)
c:/programdata/winavr-20100110/bin/../lib/gcc/avr/4.3.3/avr5\libgcc.a(_ctors.o)
                              c:/programdata/winavr-20100110/bin/../lib/gcc/avr/4.3.3/../../../../avr/lib\libpololu_atmega328p.a(Pololu3pi.o) (__do_global_ctors)
c:/programdata/winavr-20100110/bin/../lib/gcc/avr/4.3.3/avr5\libgcc.a(_dtors.o)
                              c:/programdata/winavr-20100110/bin/../lib/gcc/avr/4.3.3/../../../../avr/lib\libpololu_atmega328p.a(Pololu3pi.o) (__do_global_dtors)
c:/programdata/winavr-20100110/bin/../lib/gcc/avr/4.3.3/avr5\libgcc.a(_tablejump.o)
                              c:/programdata/winavr-20100110/bin/../lib/gcc/avr/4.3.3/avr5\libgcc.a(_ctors.o) (__tablejump__)
c:/programdata/winavr-20100110/bin/../lib/gcc/avr/4.3.3/../../../../avr/lib/avr5\libc.a(malloc.o)
                              c:/programdata/winavr-20100110/bin/../lib/gcc/avr/4.3.3/../../../../avr/lib\libpololu_atmega328p.a(OrangutanLCD.o) (malloc)
c:/programdata/winavr-20100110/bin/../lib/gcc/avr/4.3.3/../../../../avr/lib/avr5\libc.a(fdevopen.o)
                              c:/programdata/winavr-20100110/bin/../lib/gcc/avr/4.3.3/../../../../avr/lib\libpololu_atmega328p.a(OrangutanLCD.o) (fdevopen)
c:/programdata/winavr-20100110/bin/../lib/gcc/avr/4.3.3/../../../../avr/lib/avr5\libc.a(iob.o)
                              c:/programdata/winavr-20100110/bin/../lib/gcc/avr/4.3.3/../../../../avr/lib/avr5\libc.a(fdevopen.o) (__iob)
c:/programdata/winavr-20100110/bin/../lib/gcc/avr/4.3.3/../../../../avr/lib/avr5\libc.a(printf.o)
                              CMakeFiles/robot-atmega328p.elf.dir/src/main.c.obj (printf)
c:/programdata/winavr-20100110/bin/../lib/gcc/avr/4.3.3/../../../../avr/lib/avr5\libc.a(vfprintf_std.o)
                              c:/programdata/winavr-20100110/bin/../lib/gcc/avr/4.3.3/../../../../avr/lib/avr5\libc.a(printf.o) (vfprintf)
c:/programdata/winavr-20100110/bin/../lib/gcc/avr/4.3.3/../../../../avr/lib/avr5\libc.a(calloc.o)
                              c:/programdata/winavr-20100110/bin/../lib/gcc/avr/4.3.3/../../../../avr/lib/avr5\libc.a(fdevopen.o) (calloc)
c:/programdata/winavr-20100110/bin/../lib/gcc/avr/4.3.3/../../../../avr/lib/avr5\libc.a(strnlen_P.o)
                              c:/programdata/winavr-20100110/bin/../lib/gcc/avr/4.3.3/../../../../avr/lib/avr5\libc.a(vfprintf_std.o) (strnlen_P)
c:/programdata/winavr-20100110/bin/../lib/gcc/avr/4.3.3/../../../../avr/lib/avr5\libc.a(memset.o)
                              c:/programdata/winavr-20100110/bin/../lib/gcc/avr/4.3.3/../../../../avr/lib/avr5\libc.a(calloc.o) (memset)
c:/programdata/winavr-20100110/bin/../lib/gcc/avr/4.3.3/../../../../avr/lib/avr5\libc.a(strnlen.o)
                              c:/programdata/winavr-20100110/bin/../lib/gcc/avr/4.3.3/../../../../avr/lib/avr5\libc.a(vfprintf_std.o) (strnlen)
c:/programdata/winavr-20100110/bin/../lib/gcc/avr/4.3.3/../../../../avr/lib/avr5\libc.a(fputc.o)
                              c:/programdata/winavr-20100110/bin/../lib/gcc/avr/4.3.3/../../../../avr/lib/avr5\libc.a(vfprintf_std.o) (fputc)
c:/programdata/winavr-20100110/bin/../lib/gcc/avr/4.3.3/../../../../avr/lib/avr5\libc.a(ultoa_invert.o)
                              c:/programdata/winavr-20100110/bin/../lib/gcc/avr/4.3.3/../../../../avr/lib/avr5\libc.a(vfprintf_std.o) (__ultoa_invert)

Allocating common symbols
Common symbol       size              file

__brkval            0x2               c:/programdata/winavr-20100110/bin/../lib/gcc/avr/4.3.3/../../../../avr/lib/avr5\libc.a(malloc.o)
__flp               0x2               c:/programdata/winavr-20100110/bin/../lib/gcc/avr/4.3.3/../../../../avr/lib/avr5\libc.a(malloc.o)
__iob               0x6               c:/programdata/winavr-20100110/bin/../lib/gcc/avr/4.3.3/../../../../avr/lib/avr5\libc.a(iob.o)

Memory Configuration

Name             Origin             Length             Attributes
text             0x00000000         0x00020000         xr
data             0x00800060         0x0000ffa0         rw !x
eeprom           0x00810000         0x00010000         rw !x
fuse             0x00820000         0x00000400         rw !x
lock             0x00830000         0x00000400         rw !x
signature        0x00840000         0x00000400         rw !x
*default*        0x00000000         0xffffffff

Linker script and memory map

Address of section .data set to 0x800100
LOAD c:/programdata/winavr-20100110/bin/../lib/gcc/avr/4.3.3/../../../../avr/lib/avr5/crtm328p.o
LOAD c:/programdata/winavr-20100110/bin/../lib/gcc/avr/4.3.3/../../../../avr/lib/avr5\libc.a
LOAD c:/programdata/winavr-20100110/bin/../lib/gcc/avr/4.3.3/../../../../avr/lib/avr5\libm.a
LOAD c:/programdata/winavr-20100110/bin/../lib/gcc/avr/4.3.3/avr5\libgcc.a
LOAD CMakeFiles/robot-atmega328p.elf.dir/src/main.c.obj
LOAD c:/programdata/winavr-20100110/bin/../lib/gcc/avr/4.3.3/../../../../avr/lib\libpololu_atmega328p.a
LOAD c:/programdata/winavr-20100110/bin/../lib/gcc/avr/4.3.3/avr5\libgcc.a
LOAD c:/programdata/winavr-20100110/bin/../lib/gcc/avr/4.3.3/../../../../avr/lib/avr5\libc.a
LOAD c:/programdata/winavr-20100110/bin/../lib/gcc/avr/4.3.3/avr5\libgcc.a

.hash
 *(.hash)

.dynsym
 *(.dynsym)

.dynstr
 *(.dynstr)

.gnu.version
 *(.gnu.version)

.gnu.version_d
 *(.gnu.version_d)

.gnu.version_r
 *(.gnu.version_r)

.rel.init
 *(.rel.init)

.rela.init
 *(.rela.init)

.rel.text
 *(.rel.text)
 *(.rel.text.*)
 *(.rel.gnu.linkonce.t*)

.rela.text
 *(.rela.text)
 *(.rela.text.*)
 *(.rela.gnu.linkonce.t*)

.rel.fini
 *(.rel.fini)

.rela.fini
 *(.rela.fini)

.rel.rodata
 *(.rel.rodata)
 *(.rel.rodata.*)
 *(.rel.gnu.linkonce.r*)

.rela.rodata
 *(.rela.rodata)
 *(.rela.rodata.*)
 *(.rela.gnu.linkonce.r*)

.rel.data
 *(.rel.data)
 *(.rel.data.*)
 *(.rel.gnu.linkonce.d*)

.rela.data
 *(.rela.data)
 *(.rela.data.*)
 *(.rela.gnu.linkonce.d*)

.rel.ctors
 *(.rel.ctors)

.rela.ctors
 *(.rela.ctors)

.rel.dtors
 *(.rel.dtors)

.rela.dtors
 *(.rela.dtors)

.rel.got
 *(.rel.got)

.rela.got
 *(.rela.got)

.rel.bss
 *(.rel.bss)

.rela.bss
 *(.rela.bss)

.rel.plt
 *(.rel.plt)

.rela.plt
 *(.rela.plt)

.text           0x00000000     0x27c0
 *(.vectors)
 .vectors       0x00000000       0x68 c:/programdata/winavr-20100110/bin/../lib/gcc/avr/4.3.3/../../../../avr/lib/avr5/crtm328p.o
                0x00000000                __vectors
                0x00000000                __vector_default
 *(.vectors)
 *(.progmem.gcc*)
 *(.progmem*)
                0x00000068                . = ALIGN (0x2)
                0x00000068                __trampolines_start = .
 *(.trampolines)
 .trampolines   0x00000068        0x0 linker stubs
 *(.trampolines*)
                0x00000068                __trampolines_end = .
 *(.jumptables)
 *(.jumptables*)
 *(.lowtext)
 *(.lowtext*)
                0x00000068                __ctors_start = .
 *(.ctors)
 .ctors         0x00000068        0x2 c:/programdata/winavr-20100110/bin/../lib/gcc/avr/4.3.3/../../../../avr/lib\libpololu_atmega328p.a(Pololu3pi.o)
                0x0000006a                __ctors_end = .
                0x0000006a                __dtors_start = .
 *(.dtors)
 .dtors         0x0000006a        0x2 c:/programdata/winavr-20100110/bin/../lib/gcc/avr/4.3.3/../../../../avr/lib\libpololu_atmega328p.a(Pololu3pi.o)
                0x0000006c                __dtors_end = .
 SORT(*)(.ctors)
 SORT(*)(.dtors)
 *(.init0)
 .init0         0x0000006c        0x0 c:/programdata/winavr-20100110/bin/../lib/gcc/avr/4.3.3/../../../../avr/lib/avr5/crtm328p.o
                0x0000006c                __init
 *(.init0)
 *(.init1)
 *(.init1)
 *(.init2)
 .init2         0x0000006c        0xc c:/programdata/winavr-20100110/bin/../lib/gcc/avr/4.3.3/../../../../avr/lib/avr5/crtm328p.o
 *(.init2)
 *(.init3)
 *(.init3)
 *(.init4)
 .init4         0x00000078       0x16 c:/programdata/winavr-20100110/bin/../lib/gcc/avr/4.3.3/avr5\libgcc.a(_copy_data.o)
                0x00000078                __do_copy_data
 .init4         0x0000008e       0x10 c:/programdata/winavr-20100110/bin/../lib/gcc/avr/4.3.3/avr5\libgcc.a(_clear_bss.o)
                0x0000008e                __do_clear_bss
 *(.init4)
 *(.init5)
 *(.init5)
 *(.init6)
 .init6         0x0000009e       0x16 c:/programdata/winavr-20100110/bin/../lib/gcc/avr/4.3.3/avr5\libgcc.a(_ctors.o)
                0x0000009e                __do_global_ctors
 *(.init6)
 *(.init7)
 *(.init7)
 *(.init8)
 *(.init8)
 *(.init9)
 .init9         0x000000b4        0x8 c:/programdata/winavr-20100110/bin/../lib/gcc/avr/4.3.3/../../../../avr/lib/avr5/crtm328p.o
 *(.init9)
 *(.text)
 .text          0x000000bc        0x4 c:/programdata/winavr-20100110/bin/../lib/gcc/avr/4.3.3/../../../../avr/lib/avr5/crtm328p.o
                0x000000bc                __vector_22
                0x000000bc                __vector_1
                0x000000bc                __vector_24
                0x000000bc                __vector_12
                0x000000bc                __bad_interrupt
                0x000000bc                __vector_6
                0x000000bc                __vector_3
                0x000000bc                __vector_23
                0x000000bc                __vector_25
                0x000000bc                __vector_11
                0x000000bc                __vector_13
                0x000000bc                __vector_17
                0x000000bc                __vector_19
                0x000000bc                __vector_7
                0x000000bc                __vector_5
                0x000000bc                __vector_4
                0x000000bc                __vector_2
                0x000000bc                __vector_21
                0x000000bc                __vector_15
                0x000000bc                __vector_8
                0x000000bc                __vector_14
                0x000000bc                __vector_10
                0x000000bc                __vector_16
                0x000000bc                __vector_18
                0x000000bc                __vector_20
 .text          0x000000c0        0x0 c:/programdata/winavr-20100110/bin/../lib/gcc/avr/4.3.3/../../../../avr/lib/avr5\libc.a(exit.o)
 .text          0x000000c0        0x0 c:/programdata/winavr-20100110/bin/../lib/gcc/avr/4.3.3/avr5\libgcc.a(_exit.o)
 .text          0x000000c0      0x120 CMakeFiles/robot-atmega328p.elf.dir/src/main.c.obj
                0x000000cc                main
 .text          0x000001e0        0x0 c:/programdata/winavr-20100110/bin/../lib/gcc/avr/4.3.3/../../../../avr/lib\libpololu_atmega328p.a(OrangutanLCD.o)
 .text          0x000001e0        0x0 c:/programdata/winavr-20100110/bin/../lib/gcc/avr/4.3.3/../../../../avr/lib\libpololu_atmega328p.a(OrangutanPushbuttons.o)
 .text          0x000001e0        0x0 c:/programdata/winavr-20100110/bin/../lib/gcc/avr/4.3.3/../../../../avr/lib\libpololu_atmega328p.a(OrangutanTime.o)
 .text          0x000001e0        0x0 c:/programdata/winavr-20100110/bin/../lib/gcc/avr/4.3.3/../../../../avr/lib\libpololu_atmega328p.a(Pololu3pi.o)
 .text          0x000001e0        0x0 c:/programdata/winavr-20100110/bin/../lib/gcc/avr/4.3.3/../../../../avr/lib\libpololu_atmega328p.a(PololuQTRSensors.o)
 .text          0x000001e0        0x0 c:/programdata/winavr-20100110/bin/../lib/gcc/avr/4.3.3/avr5\libgcc.a(_mulsi3.o)
 .text          0x000001e0        0x0 c:/programdata/winavr-20100110/bin/../lib/gcc/avr/4.3.3/avr5\libgcc.a(_udivmodhi4.o)
 .text          0x000001e0        0x0 c:/programdata/winavr-20100110/bin/../lib/gcc/avr/4.3.3/avr5\libgcc.a(_udivmodsi4.o)
 .text          0x000001e0        0x0 c:/programdata/winavr-20100110/bin/../lib/gcc/avr/4.3.3/avr5\libgcc.a(_divmodsi4.o)
 .text          0x000001e0        0x0 c:/programdata/winavr-20100110/bin/../lib/gcc/avr/4.3.3/avr5\libgcc.a(_prologue.o)
 .text          0x000001e0        0x0 c:/programdata/winavr-20100110/bin/../lib/gcc/avr/4.3.3/avr5\libgcc.a(_epilogue.o)
 .text          0x000001e0        0x0 c:/programdata/winavr-20100110/bin/../lib/gcc/avr/4.3.3/avr5\libgcc.a(_copy_data.o)
 .text          0x000001e0        0x0 c:/programdata/winavr-20100110/bin/../lib/gcc/avr/4.3.3/avr5\libgcc.a(_clear_bss.o)
 .text          0x000001e0        0x0 c:/programdata/winavr-20100110/bin/../lib/gcc/avr/4.3.3/avr5\libgcc.a(_ctors.o)
 .text          0x000001e0        0x0 c:/programdata/winavr-20100110/bin/../lib/gcc/avr/4.3.3/avr5\libgcc.a(_dtors.o)
 .text          0x000001e0        0x0 c:/programdata/winavr-20100110/bin/../lib/gcc/avr/4.3.3/avr5\libgcc.a(_tablejump.o)
 .text          0x000001e0        0x0 c:/programdata/winavr-20100110/bin/../lib/gcc/avr/4.3.3/../../../../avr/lib/avr5\libc.a(malloc.o)
 .text          0x000001e0        0x0 c:/programdata/winavr-20100110/bin/../lib/gcc/avr/4.3.3/../../../../avr/lib/avr5\libc.a(fdevopen.o)
 .text          0x000001e0        0x0 c:/programdata/winavr-20100110/bin/../lib/gcc/avr/4.3.3/../../../../avr/lib/avr5\libc.a(iob.o)
 .text          0x000001e0        0x0 c:/programdata/winavr-20100110/bin/../lib/gcc/avr/4.3.3/../../../../avr/lib/avr5\libc.a(printf.o)
 .text          0x000001e0        0x0 c:/programdata/winavr-20100110/bin/../lib/gcc/avr/4.3.3/../../../../avr/lib/avr5\libc.a(vfprintf_std.o)
 .text          0x000001e0        0x0 c:/programdata/winavr-20100110/bin/../lib/gcc/avr/4.3.3/../../../../avr/lib/avr5\libc.a(calloc.o)
 .text          0x000001e0        0x0 c:/programdata/winavr-20100110/bin/../lib/gcc/avr/4.3.3/../../../../avr/lib/avr5\libc.a(strnlen_P.o)
 .text          0x000001e0        0x0 c:/programdata/winavr-20100110/bin/../lib/gcc/avr/4.3.3/../../../../avr/lib/avr5\libc.a(memset.o)
 .text          0x000001e0        0x0 c:/programdata/winavr-20100110/bin/../lib/gcc/avr/4.3.3/../../../../avr/lib/avr5\libc.a(strnlen.o)
 .text          0x000001e0        0x0 c:/programdata/winavr-20100110/bin/../lib/gcc/avr/4.3.3/../../../../avr/lib/avr5\libc.a(fputc.o)
 .text          0x000001e0        0x0 c:/programdata/winavr-20100110/bin/../lib/gcc/avr/4.3.3/../../../../avr/lib/avr5\libc.a(ultoa_invert.o)
                0x000001e0                . = ALIGN (0x2)
 *(.text.*)
 .text.avr-libc
                0x000001e0        0x6 c:/programdata/winavr-20100110/bin/../lib/gcc/avr/4.3.3/../../../../avr/lib/avr5\libc.a(exit.o)
                0x000001e0                exit
 .text.libgcc   0x000001e6        0x0 c:/programdata/winavr-20100110/bin/../lib/gcc/avr/4.3.3/avr5\libgcc.a(_exit.o)
 .text.void_getchar
                0x000001e6        0x6 c:/programdata/winavr-20100110/bin/../lib/gcc/avr/4.3.3/../../../../avr/lib\libpololu_atmega328p.a(OrangutanLCD.o)
                0x000001e6                void_getchar
 .text.delayMicroseconds.clone.0
                0x000001ec       0x14 c:/programdata/winavr-20100110/bin/../lib/gcc/avr/4.3.3/../../../../avr/lib\libpololu_atmega328p.a(OrangutanLCD.o)
 .text._ZN12OrangutanLCDC2Ev
                0x00000200        0x2 c:/programdata/winavr-20100110/bin/../lib/gcc/avr/4.3.3/../../../../avr/lib\libpololu_atmega328p.a(OrangutanLCD.o)
                0x00000200                OrangutanLCD::OrangutanLCD()
                0x00000200                OrangutanLCD::OrangutanLCD()
 .text._ZN12OrangutanLCD8busyWaitEv
                0x00000202       0x60 c:/programdata/winavr-20100110/bin/../lib/gcc/avr/4.3.3/../../../../avr/lib\libpololu_atmega328p.a(OrangutanLCD.o)
                0x00000202                OrangutanLCD::busyWait()
 .text._ZN12OrangutanLCD8sendDataEh
                0x00000262       0x4a c:/programdata/winavr-20100110/bin/../lib/gcc/avr/4.3.3/../../../../avr/lib\libpololu_atmega328p.a(OrangutanLCD.o)
                0x00000262                OrangutanLCD::sendData(unsigned char)
 .text._ZN12OrangutanLCD4sendEhhh
                0x000002ac       0x60 c:/programdata/winavr-20100110/bin/../lib/gcc/avr/4.3.3/../../../../avr/lib\libpololu_atmega328p.a(OrangutanLCD.o)
                0x000002ac                OrangutanLCD::send(unsigned char, unsigned char, unsigned char)
 .text._ZN12OrangutanLCD8send_cmdEh
                0x0000030c        0xa c:/programdata/winavr-20100110/bin/../lib/gcc/avr/4.3.3/../../../../avr/lib\libpololu_atmega328p.a(OrangutanLCD.o)
                0x0000030c                OrangutanLCD::send_cmd(unsigned char)
 .text._ZN12OrangutanLCD9send_dataEh
                0x00000316        0xa c:/programdata/winavr-20100110/bin/../lib/gcc/avr/4.3.3/../../../../avr/lib\libpololu_atmega328p.a(OrangutanLCD.o)
                0x00000316                OrangutanLCD::send_data(unsigned char)
 .text._ZN12OrangutanLCD19loadCustomCharacterEPKch
                0x00000320       0x4e c:/programdata/winavr-20100110/bin/../lib/gcc/avr/4.3.3/../../../../avr/lib\libpololu_atmega328p.a(OrangutanLCD.o)
                0x00000320                OrangutanLCD::loadCustomCharacter(char const*, unsigned char)
 .text.lcd_load_custom_character
                0x0000036e        0x6 c:/programdata/winavr-20100110/bin/../lib/gcc/avr/4.3.3/../../../../avr/lib\libpololu_atmega328p.a(OrangutanLCD.o)
                0x0000036e                lcd_load_custom_character
 .text.print_character
                0x00000374        0x6 c:/programdata/winavr-20100110/bin/../lib/gcc/avr/4.3.3/../../../../avr/lib\libpololu_atmega328p.a(OrangutanLCD.o)
                0x00000374                print_character
 .text._ZN12OrangutanLCD13send_4bit_cmdEh
                0x0000037a        0xa c:/programdata/winavr-20100110/bin/../lib/gcc/avr/4.3.3/../../../../avr/lib\libpololu_atmega328p.a(OrangutanLCD.o)
                0x0000037a                OrangutanLCD::send_4bit_cmd(unsigned char)
 .text._ZN12OrangutanLCD5init2Ev
                0x00000384       0x7e c:/programdata/winavr-20100110/bin/../lib/gcc/avr/4.3.3/../../../../avr/lib\libpololu_atmega328p.a(OrangutanLCD.o)
                0x00000384                OrangutanLCD::init2()
 .text._ZN12OrangutanLCD4initEv
                0x00000402       0x14 c:/programdata/winavr-20100110/bin/../lib/gcc/avr/4.3.3/../../../../avr/lib\libpololu_atmega328p.a(OrangutanLCD.o)
                0x00000402                OrangutanLCD::init()
 .text._ZN12OrangutanLCD5clearEv
                0x00000416       0x58 c:/programdata/winavr-20100110/bin/../lib/gcc/avr/4.3.3/../../../../avr/lib\libpololu_atmega328p.a(OrangutanLCD.o)
                0x00000416                OrangutanLCD::clear()
 .text.clear    0x0000046e        0x6 c:/programdata/winavr-20100110/bin/../lib/gcc/avr/4.3.3/../../../../avr/lib\libpololu_atmega328p.a(OrangutanLCD.o)
                0x0000046e                clear
 .text._ZN12OrangutanLCD5printEc
                0x00000474        0x6 c:/programdata/winavr-20100110/bin/../lib/gcc/avr/4.3.3/../../../../avr/lib\libpololu_atmega328p.a(OrangutanLCD.o)
                0x00000474                OrangutanLCD::print(char)
 .text._ZN12OrangutanLCD5printEPKc
                0x0000047a       0x28 c:/programdata/winavr-20100110/bin/../lib/gcc/avr/4.3.3/../../../../avr/lib\libpololu_atmega328p.a(OrangutanLCD.o)
                0x0000047a                OrangutanLCD::print(char const*)
 .text.print    0x000004a2        0x6 c:/programdata/winavr-20100110/bin/../lib/gcc/avr/4.3.3/../../../../avr/lib\libpololu_atmega328p.a(OrangutanLCD.o)
                0x000004a2                print
 .text._ZN12OrangutanLCD21printFromProgramSpaceEPKc
                0x000004a8       0x1c c:/programdata/winavr-20100110/bin/../lib/gcc/avr/4.3.3/../../../../avr/lib\libpololu_atmega328p.a(OrangutanLCD.o)
                0x000004a8                OrangutanLCD::printFromProgramSpace(char const*)
 .text.print_from_program_space
                0x000004c4        0x6 c:/programdata/winavr-20100110/bin/../lib/gcc/avr/4.3.3/../../../../avr/lib\libpololu_atmega328p.a(OrangutanLCD.o)
                0x000004c4                print_from_program_space
 .text._ZN12OrangutanLCD7printInEPKc
                0x000004ca        0x6 c:/programdata/winavr-20100110/bin/../lib/gcc/avr/4.3.3/../../../../avr/lib\libpololu_atmega328p.a(OrangutanLCD.o)
                0x000004ca                OrangutanLCD::printIn(char const*)
 .text._ZN12OrangutanLCD5printEm
                0x000004d0       0x7c c:/programdata/winavr-20100110/bin/../lib/gcc/avr/4.3.3/../../../../avr/lib\libpololu_atmega328p.a(OrangutanLCD.o)
                0x000004d0                OrangutanLCD::print(unsigned long)
 .text._ZN12OrangutanLCD5printEl
                0x0000054c       0x38 c:/programdata/winavr-20100110/bin/../lib/gcc/avr/4.3.3/../../../../avr/lib\libpololu_atmega328p.a(OrangutanLCD.o)
                0x0000054c                OrangutanLCD::print(long)
 .text.print_long
                0x00000584        0x6 c:/programdata/winavr-20100110/bin/../lib/gcc/avr/4.3.3/../../../../avr/lib\libpololu_atmega328p.a(OrangutanLCD.o)
                0x00000584                print_long
 .text.print_unsigned_long
                0x0000058a        0x6 c:/programdata/winavr-20100110/bin/../lib/gcc/avr/4.3.3/../../../../avr/lib\libpololu_atmega328p.a(OrangutanLCD.o)
                0x0000058a                print_unsigned_long
 .text._ZN12OrangutanLCD14printHexNibbleEh
                0x00000590       0x10 c:/programdata/winavr-20100110/bin/../lib/gcc/avr/4.3.3/../../../../avr/lib\libpololu_atmega328p.a(OrangutanLCD.o)
                0x00000590                OrangutanLCD::printHexNibble(unsigned char)
 .text._ZN12OrangutanLCD8printHexEh
                0x000005a0       0x18 c:/programdata/winavr-20100110/bin/../lib/gcc/avr/4.3.3/../../../../avr/lib\libpololu_atmega328p.a(OrangutanLCD.o)
                0x000005a0                OrangutanLCD::printHex(unsigned char)
 .text._ZN12OrangutanLCD8printHexEj
                0x000005b8       0x14 c:/programdata/winavr-20100110/bin/../lib/gcc/avr/4.3.3/../../../../avr/lib\libpololu_atmega328p.a(OrangutanLCD.o)
                0x000005b8                OrangutanLCD::printHex(unsigned int)
 .text.print_hex
                0x000005cc        0x6 c:/programdata/winavr-20100110/bin/../lib/gcc/avr/4.3.3/../../../../avr/lib\libpololu_atmega328p.a(OrangutanLCD.o)
                0x000005cc                print_hex
 .text.print_hex_byte
                0x000005d2        0x6 c:/programdata/winavr-20100110/bin/../lib/gcc/avr/4.3.3/../../../../avr/lib\libpololu_atmega328p.a(OrangutanLCD.o)
                0x000005d2                print_hex_byte
 .text._ZN12OrangutanLCD11printBinaryEh
                0x000005d8       0x2c c:/programdata/winavr-20100110/bin/../lib/gcc/avr/4.3.3/../../../../avr/lib\libpololu_atmega328p.a(OrangutanLCD.o)
                0x000005d8                OrangutanLCD::printBinary(unsigned char)
 .text.print_binary
                0x00000604        0x6 c:/programdata/winavr-20100110/bin/../lib/gcc/avr/4.3.3/../../../../avr/lib\libpololu_atmega328p.a(OrangutanLCD.o)
                0x00000604                print_binary
 .text._ZN12OrangutanLCD6gotoXYEhh
                0x0000060a       0x40 c:/programdata/winavr-20100110/bin/../lib/gcc/avr/4.3.3/../../../../avr/lib\libpololu_atmega328p.a(OrangutanLCD.o)
                0x0000060a                OrangutanLCD::gotoXY(unsigned char, unsigned char)
 .text.lcd_goto_xy
                0x0000064a        0x6 c:/programdata/winavr-20100110/bin/../lib/gcc/avr/4.3.3/../../../../avr/lib\libpololu_atmega328p.a(OrangutanLCD.o)
                0x0000064a                lcd_goto_xy
 .text.lcd_putchar
                0x00000650      0x224 c:/programdata/winavr-20100110/bin/../lib/gcc/avr/4.3.3/../../../../avr/lib\libpololu_atmega328p.a(OrangutanLCD.o)
                0x00000650                lcd_putchar
 .text._ZN12OrangutanLCD10showCursorEh
                0x00000874       0x10 c:/programdata/winavr-20100110/bin/../lib/gcc/avr/4.3.3/../../../../avr/lib\libpololu_atmega328p.a(OrangutanLCD.o)
                0x00000874                OrangutanLCD::showCursor(unsigned char)
 .text.lcd_show_cursor
                0x00000884        0x6 c:/programdata/winavr-20100110/bin/../lib/gcc/avr/4.3.3/../../../../avr/lib\libpololu_atmega328p.a(OrangutanLCD.o)
                0x00000884                lcd_show_cursor
 .text._ZN12OrangutanLCD10hideCursorEv
                0x0000088a        0x8 c:/programdata/winavr-20100110/bin/../lib/gcc/avr/4.3.3/../../../../avr/lib\libpololu_atmega328p.a(OrangutanLCD.o)
                0x0000088a                OrangutanLCD::hideCursor()
 .text.lcd_hide_cursor
                0x00000892        0x6 c:/programdata/winavr-20100110/bin/../lib/gcc/avr/4.3.3/../../../../avr/lib\libpololu_atmega328p.a(OrangutanLCD.o)
                0x00000892                lcd_hide_cursor
 .text._ZN12OrangutanLCD10moveCursorEhh
                0x00000898       0x24 c:/programdata/winavr-20100110/bin/../lib/gcc/avr/4.3.3/../../../../avr/lib\libpololu_atmega328p.a(OrangutanLCD.o)
                0x00000898                OrangutanLCD::moveCursor(unsigned char, unsigned char)
 .text.lcd_move_cursor
                0x000008bc        0x6 c:/programdata/winavr-20100110/bin/../lib/gcc/avr/4.3.3/../../../../avr/lib\libpololu_atmega328p.a(OrangutanLCD.o)
                0x000008bc                lcd_move_cursor
 .text._ZN12OrangutanLCD6scrollEhhj
                0x000008c2       0x34 c:/programdata/winavr-20100110/bin/../lib/gcc/avr/4.3.3/../../../../avr/lib\libpololu_atmega328p.a(OrangutanLCD.o)
                0x000008c2                OrangutanLCD::scroll(unsigned char, unsigned char, unsigned int)
 .text.lcd_scroll
                0x000008f6        0x6 c:/programdata/winavr-20100110/bin/../lib/gcc/avr/4.3.3/../../../../avr/lib\libpololu_atmega328p.a(OrangutanLCD.o)
                0x000008f6                lcd_scroll
 .text._ZN12OrangutanLCD10initPrintfEv
                0x000008fc       0x8a c:/programdata/winavr-20100110/bin/../lib/gcc/avr/4.3.3/../../../../avr/lib\libpololu_atmega328p.a(OrangutanLCD.o)
                0x000008fc                OrangutanLCD::initPrintf()
 .text.lcd_init_printf
                0x00000986        0x6 c:/programdata/winavr-20100110/bin/../lib/gcc/avr/4.3.3/../../../../avr/lib\libpololu_atmega328p.a(OrangutanLCD.o)
                0x00000986                lcd_init_printf
 .text.lcd_init_printf_with_dimensions
                0x0000098c        0xe c:/programdata/winavr-20100110/bin/../lib/gcc/avr/4.3.3/../../../../avr/lib\libpololu_atmega328p.a(OrangutanLCD.o)
                0x0000098c                lcd_init_printf_with_dimensions
 .text._ZN12OrangutanLCD10initPrintfEhh
                0x0000099a        0xe c:/programdata/winavr-20100110/bin/../lib/gcc/avr/4.3.3/../../../../avr/lib\libpololu_atmega328p.a(OrangutanLCD.o)
                0x0000099a                OrangutanLCD::initPrintf(unsigned char, unsigned char)
 .text._ZN20OrangutanPushbuttonsC2Ev
                0x000009a8        0x2 c:/programdata/winavr-20100110/bin/../lib/gcc/avr/4.3.3/../../../../avr/lib\libpololu_atmega328p.a(OrangutanPushbuttons.o)
                0x000009a8                OrangutanPushbuttons::OrangutanPushbuttons()
                0x000009a8                OrangutanPushbuttons::OrangutanPushbuttons()
 .text._ZN20OrangutanPushbuttons5init2Ev
                0x000009aa       0x20 c:/programdata/winavr-20100110/bin/../lib/gcc/avr/4.3.3/../../../../avr/lib\libpololu_atmega328p.a(OrangutanPushbuttons.o)
                0x000009aa                OrangutanPushbuttons::init2()
 .text._ZN20OrangutanPushbuttons4initEv
                0x000009ca       0x14 c:/programdata/winavr-20100110/bin/../lib/gcc/avr/4.3.3/../../../../avr/lib\libpololu_atmega328p.a(OrangutanPushbuttons.o)
                0x000009ca                OrangutanPushbuttons::init()
 .text._ZN20OrangutanPushbuttons12waitForPressEh
                0x000009de       0x4a c:/programdata/winavr-20100110/bin/../lib/gcc/avr/4.3.3/../../../../avr/lib\libpololu_atmega328p.a(OrangutanPushbuttons.o)
                0x000009de                OrangutanPushbuttons::waitForPress(unsigned char)
 .text.wait_for_button_press
                0x00000a28        0x6 c:/programdata/winavr-20100110/bin/../lib/gcc/avr/4.3.3/../../../../avr/lib\libpololu_atmega328p.a(OrangutanPushbuttons.o)
                0x00000a28                wait_for_button_press
 .text._ZN20OrangutanPushbuttons14waitForReleaseEh
                0x00000a2e       0x24 c:/programdata/winavr-20100110/bin/../lib/gcc/avr/4.3.3/../../../../avr/lib\libpololu_atmega328p.a(OrangutanPushbuttons.o)
                0x00000a2e                OrangutanPushbuttons::waitForRelease(unsigned char)
 .text.wait_for_button_release
                0x00000a52        0x6 c:/programdata/winavr-20100110/bin/../lib/gcc/avr/4.3.3/../../../../avr/lib\libpololu_atmega328p.a(OrangutanPushbuttons.o)
                0x00000a52                wait_for_button_release
 .text._ZN20OrangutanPushbuttons13waitForButtonEh
                0x00000a58       0x12 c:/programdata/winavr-20100110/bin/../lib/gcc/avr/4.3.3/../../../../avr/lib\libpololu_atmega328p.a(OrangutanPushbuttons.o)
                0x00000a58                OrangutanPushbuttons::waitForButton(unsigned char)
 .text.wait_for_button
                0x00000a6a        0x6 c:/programdata/winavr-20100110/bin/../lib/gcc/avr/4.3.3/../../../../avr/lib\libpololu_atmega328p.a(OrangutanPushbuttons.o)
                0x00000a6a                wait_for_button
 .text._ZN20OrangutanPushbuttons9isPressedEh
                0x00000a70       0x22 c:/programdata/winavr-20100110/bin/../lib/gcc/avr/4.3.3/../../../../avr/lib\libpololu_atmega328p.a(OrangutanPushbuttons.o)
                0x00000a70                OrangutanPushbuttons::isPressed(unsigned char)
 .text.button_is_pressed
                0x00000a92        0x6 c:/programdata/winavr-20100110/bin/../lib/gcc/avr/4.3.3/../../../../avr/lib\libpololu_atmega328p.a(OrangutanPushbuttons.o)
                0x00000a92                button_is_pressed
 .text._ZN20OrangutanPushbuttons23getSingleDebouncedPressEh
                0x00000a98      0x14e c:/programdata/winavr-20100110/bin/../lib/gcc/avr/4.3.3/../../../../avr/lib\libpololu_atmega328p.a(OrangutanPushbuttons.o)
                0x00000a98                OrangutanPushbuttons::getSingleDebouncedPress(unsigned char)
 .text.get_single_debounced_button_press
                0x00000be6        0x6 c:/programdata/winavr-20100110/bin/../lib/gcc/avr/4.3.3/../../../../avr/lib\libpololu_atmega328p.a(OrangutanPushbuttons.o)
                0x00000be6                get_single_debounced_button_press
 .text._ZN20OrangutanPushbuttons25getSingleDebouncedReleaseEh
                0x00000bec      0x14a c:/programdata/winavr-20100110/bin/../lib/gcc/avr/4.3.3/../../../../avr/lib\libpololu_atmega328p.a(OrangutanPushbuttons.o)
                0x00000bec                OrangutanPushbuttons::getSingleDebouncedRelease(unsigned char)
 .text.get_single_debounced_button_release
                0x00000d36        0x6 c:/programdata/winavr-20100110/bin/../lib/gcc/avr/4.3.3/../../../../avr/lib\libpololu_atmega328p.a(OrangutanPushbuttons.o)
                0x00000d36                get_single_debounced_button_release
 .text._ZN13OrangutanTime17delayMicrosecondsEj
                0x00000d3c       0x10 c:/programdata/winavr-20100110/bin/../lib/gcc/avr/4.3.3/../../../../avr/lib\libpololu_atmega328p.a(OrangutanTime.o)
                0x00000d3c                OrangutanTime::delayMicroseconds(unsigned int)
 .text.__vector_9
                0x00000d4c       0x74 c:/programdata/winavr-20100110/bin/../lib/gcc/avr/4.3.3/../../../../avr/lib\libpololu_atmega328p.a(OrangutanTime.o)
                0x00000d4c                __vector_9
 .text.ticks_to_microseconds
                0x00000dc0       0x2a c:/programdata/winavr-20100110/bin/../lib/gcc/avr/4.3.3/../../../../avr/lib\libpololu_atmega328p.a(OrangutanTime.o)
                0x00000dc0                ticks_to_microseconds
 .text._ZN13OrangutanTime19ticksToMicrosecondsEm
                0x00000dea       0x2a c:/programdata/winavr-20100110/bin/../lib/gcc/avr/4.3.3/../../../../avr/lib\libpololu_atmega328p.a(OrangutanTime.o)
                0x00000dea                OrangutanTime::ticksToMicroseconds(unsigned long)
 .text._ZN13OrangutanTime17delayMillisecondsEj
                0x00000e14       0x1c c:/programdata/winavr-20100110/bin/../lib/gcc/avr/4.3.3/../../../../avr/lib\libpololu_atmega328p.a(OrangutanTime.o)
                0x00000e14                OrangutanTime::delayMilliseconds(unsigned int)
 .text.delay_ms
                0x00000e30        0x6 c:/programdata/winavr-20100110/bin/../lib/gcc/avr/4.3.3/../../../../avr/lib\libpololu_atmega328p.a(OrangutanTime.o)
                0x00000e30                delay_ms
 .text._ZN13OrangutanTime5init2Ev
                0x00000e36       0x30 c:/programdata/winavr-20100110/bin/../lib/gcc/avr/4.3.3/../../../../avr/lib\libpololu_atmega328p.a(OrangutanTime.o)
                0x00000e36                OrangutanTime::init2()
 .text._ZN13OrangutanTime4initEv
                0x00000e66       0x14 c:/programdata/winavr-20100110/bin/../lib/gcc/avr/4.3.3/../../../../avr/lib\libpololu_atmega328p.a(OrangutanTime.o)
                0x00000e66                OrangutanTime::init()
 .text._ZN13OrangutanTime2msEv
                0x00000e7a       0x2a c:/programdata/winavr-20100110/bin/../lib/gcc/avr/4.3.3/../../../../avr/lib\libpololu_atmega328p.a(OrangutanTime.o)
                0x00000e7a                OrangutanTime::ms()
 .text.get_ms   0x00000ea4        0x6 c:/programdata/winavr-20100110/bin/../lib/gcc/avr/4.3.3/../../../../avr/lib\libpololu_atmega328p.a(OrangutanTime.o)
                0x00000ea4                get_ms
 .text._ZN13OrangutanTime5ticksEv
                0x00000eaa       0x68 c:/programdata/winavr-20100110/bin/../lib/gcc/avr/4.3.3/../../../../avr/lib\libpololu_atmega328p.a(OrangutanTime.o)
                0x00000eaa                OrangutanTime::ticks()
 .text.get_ticks
                0x00000f12        0x6 c:/programdata/winavr-20100110/bin/../lib/gcc/avr/4.3.3/../../../../avr/lib\libpololu_atmega328p.a(OrangutanTime.o)
                0x00000f12                get_ticks
 .text._ZN13OrangutanTime5resetEv
                0x00000f18       0x2e c:/programdata/winavr-20100110/bin/../lib/gcc/avr/4.3.3/../../../../avr/lib\libpololu_atmega328p.a(OrangutanTime.o)
                0x00000f18                OrangutanTime::reset()
 .text.time_reset
                0x00000f46        0x6 c:/programdata/winavr-20100110/bin/../lib/gcc/avr/4.3.3/../../../../avr/lib\libpololu_atmega328p.a(OrangutanTime.o)
                0x00000f46                time_reset
 .text.read_line_sensors
                0x00000f4c       0x10 c:/programdata/winavr-20100110/bin/../lib/gcc/avr/4.3.3/../../../../avr/lib\libpololu_atmega328p.a(Pololu3pi.o)
                0x00000f4c                read_line_sensors
 .text.emitters_on
                0x00000f5c        0xa c:/programdata/winavr-20100110/bin/../lib/gcc/avr/4.3.3/../../../../avr/lib\libpololu_atmega328p.a(Pololu3pi.o)
                0x00000f5c                emitters_on
 .text.emitters_off
                0x00000f66        0xa c:/programdata/winavr-20100110/bin/../lib/gcc/avr/4.3.3/../../../../avr/lib\libpololu_atmega328p.a(Pololu3pi.o)
                0x00000f66                emitters_off
 .text.calibrate_line_sensors
                0x00000f70        0xc c:/programdata/winavr-20100110/bin/../lib/gcc/avr/4.3.3/../../../../avr/lib\libpololu_atmega328p.a(Pololu3pi.o)
                0x00000f70                calibrate_line_sensors
 .text.line_sensors_reset_calibration
                0x00000f7c        0xa c:/programdata/winavr-20100110/bin/../lib/gcc/avr/4.3.3/../../../../avr/lib\libpololu_atmega328p.a(Pololu3pi.o)
                0x00000f7c                line_sensors_reset_calibration
 .text.read_line_sensors_calibrated
                0x00000f86       0x10 c:/programdata/winavr-20100110/bin/../lib/gcc/avr/4.3.3/../../../../avr/lib\libpololu_atmega328p.a(Pololu3pi.o)
                0x00000f86                read_line_sensors_calibrated
 .text.read_line
                0x00000f96       0x12 c:/programdata/winavr-20100110/bin/../lib/gcc/avr/4.3.3/../../../../avr/lib\libpololu_atmega328p.a(Pololu3pi.o)
                0x00000f96                read_line
 .text.read_line_white
                0x00000fa8       0x12 c:/programdata/winavr-20100110/bin/../lib/gcc/avr/4.3.3/../../../../avr/lib\libpololu_atmega328p.a(Pololu3pi.o)
                0x00000fa8                read_line_white
 .text.get_line_sensors_calibrated_minimum_on
                0x00000fba        0xa c:/programdata/winavr-20100110/bin/../lib/gcc/avr/4.3.3/../../../../avr/lib\libpololu_atmega328p.a(Pololu3pi.o)
                0x00000fba                get_line_sensors_calibrated_minimum_on
 .text.get_line_sensors_calibrated_maximum_on
                0x00000fc4        0xa c:/programdata/winavr-20100110/bin/../lib/gcc/avr/4.3.3/../../../../avr/lib\libpololu_atmega328p.a(Pololu3pi.o)
                0x00000fc4                get_line_sensors_calibrated_maximum_on
 .text.get_line_sensors_calibrated_minimum_off
                0x00000fce        0xa c:/programdata/winavr-20100110/bin/../lib/gcc/avr/4.3.3/../../../../avr/lib\libpololu_atmega328p.a(Pololu3pi.o)
                0x00000fce                get_line_sensors_calibrated_minimum_off
 .text.get_line_sensors_calibrated_maximum_off
                0x00000fd8        0xa c:/programdata/winavr-20100110/bin/../lib/gcc/avr/4.3.3/../../../../avr/lib\libpololu_atmega328p.a(Pololu3pi.o)
                0x00000fd8                get_line_sensors_calibrated_maximum_off
 .text._ZN9Pololu3pi4initEjh
                0x00000fe2       0x64 c:/programdata/winavr-20100110/bin/../lib/gcc/avr/4.3.3/../../../../avr/lib\libpololu_atmega328p.a(Pololu3pi.o)
                0x00000fe2                Pololu3pi::init(unsigned int, unsigned char)
 .text.pololu_3pi_init_disable_emitter_pin
                0x00001046        0x8 c:/programdata/winavr-20100110/bin/../lib/gcc/avr/4.3.3/../../../../avr/lib\libpololu_atmega328p.a(Pololu3pi.o)
                0x00001046                pololu_3pi_init_disable_emitter_pin
 .text.pololu_3pi_init
                0x0000104e        0x8 c:/programdata/winavr-20100110/bin/../lib/gcc/avr/4.3.3/../../../../avr/lib\libpololu_atmega328p.a(Pololu3pi.o)
                0x0000104e                pololu_3pi_init
 .text._ZN9Pololu3pi15readLineSensorsEPjh
                0x00001056       0x10 c:/programdata/winavr-20100110/bin/../lib/gcc/avr/4.3.3/../../../../avr/lib\libpololu_atmega328p.a(Pololu3pi.o)
                0x00001056                Pololu3pi::readLineSensors(unsigned int*, unsigned char)
 .text._ZN9Pololu3pi10emittersOnEv
                0x00001066        0xa c:/programdata/winavr-20100110/bin/../lib/gcc/avr/4.3.3/../../../../avr/lib\libpololu_atmega328p.a(Pololu3pi.o)
                0x00001066                Pololu3pi::emittersOn()
 .text._ZN9Pololu3pi11emittersOffEv
                0x00001070        0xa c:/programdata/winavr-20100110/bin/../lib/gcc/avr/4.3.3/../../../../avr/lib\libpololu_atmega328p.a(Pololu3pi.o)
                0x00001070                Pololu3pi::emittersOff()
 .text._ZN9Pololu3pi20calibrateLineSensorsEh
                0x0000107a        0xa c:/programdata/winavr-20100110/bin/../lib/gcc/avr/4.3.3/../../../../avr/lib\libpololu_atmega328p.a(Pololu3pi.o)
                0x0000107a                Pololu3pi::calibrateLineSensors(unsigned char)
 .text._ZN9Pololu3pi27lineSensorsResetCalibrationEv
                0x00001084        0xa c:/programdata/winavr-20100110/bin/../lib/gcc/avr/4.3.3/../../../../avr/lib\libpololu_atmega328p.a(Pololu3pi.o)
                0x00001084                Pololu3pi::lineSensorsResetCalibration()
 .text._ZN9Pololu3pi25readLineSensorsCalibratedEPjh
                0x0000108e        0xa c:/programdata/winavr-20100110/bin/../lib/gcc/avr/4.3.3/../../../../avr/lib\libpololu_atmega328p.a(Pololu3pi.o)
                0x0000108e                Pololu3pi::readLineSensorsCalibrated(unsigned int*, unsigned char)
 .text._ZN9Pololu3pi8readLineEPjhh
                0x00001098        0xa c:/programdata/winavr-20100110/bin/../lib/gcc/avr/4.3.3/../../../../avr/lib\libpololu_atmega328p.a(Pololu3pi.o)
                0x00001098                Pololu3pi::readLine(unsigned int*, unsigned char, unsigned char)
 .text._ZN9Pololu3pi33getLineSensorsCalibratedMinimumOnEv
                0x000010a2        0xa c:/programdata/winavr-20100110/bin/../lib/gcc/avr/4.3.3/../../../../avr/lib\libpololu_atmega328p.a(Pololu3pi.o)
                0x000010a2                Pololu3pi::getLineSensorsCalibratedMinimumOn()
 .text._ZN9Pololu3pi33getLineSensorsCalibratedMaximumOnEv
                0x000010ac        0xa c:/programdata/winavr-20100110/bin/../lib/gcc/avr/4.3.3/../../../../avr/lib\libpololu_atmega328p.a(Pololu3pi.o)
                0x000010ac                Pololu3pi::getLineSensorsCalibratedMaximumOn()
 .text._ZN9Pololu3pi34getLineSensorsCalibratedMinimumOffEv
                0x000010b6        0xa c:/programdata/winavr-20100110/bin/../lib/gcc/avr/4.3.3/../../../../avr/lib\libpololu_atmega328p.a(Pololu3pi.o)
                0x000010b6                Pololu3pi::getLineSensorsCalibratedMinimumOff()
 .text._ZN9Pololu3pi34getLineSensorsCalibratedMaximumOffEv
                0x000010c0        0xa c:/programdata/winavr-20100110/bin/../lib/gcc/avr/4.3.3/../../../../avr/lib\libpololu_atmega328p.a(Pololu3pi.o)
                0x000010c0                Pololu3pi::getLineSensorsCalibratedMaximumOff()
 .text._GLOBAL__I_pololu_3pi_init
                0x000010ca        0x2 c:/programdata/winavr-20100110/bin/../lib/gcc/avr/4.3.3/../../../../avr/lib\libpololu_atmega328p.a(Pololu3pi.o)
 .text._GLOBAL__D_pololu_3pi_init
                0x000010cc        0xa c:/programdata/winavr-20100110/bin/../lib/gcc/avr/4.3.3/../../../../avr/lib\libpololu_atmega328p.a(Pololu3pi.o)
 .text.delayMicroseconds
                0x000010d6       0x10 c:/programdata/winavr-20100110/bin/../lib/gcc/avr/4.3.3/../../../../avr/lib\libpololu_atmega328p.a(PololuQTRSensors.o)
 .text._ZN16OrangutanDigital14getIORegistersEP8IOStructh
                0x000010e6       0x96 c:/programdata/winavr-20100110/bin/../lib/gcc/avr/4.3.3/../../../../avr/lib\libpololu_atmega328p.a(PololuQTRSensors.o)
                0x000010e6                OrangutanDigital::getIORegisters(IOStruct*, unsigned char)
 .text.qtr_calibrated_minimum_on
                0x0000117c        0xe c:/programdata/winavr-20100110/bin/../lib/gcc/avr/4.3.3/../../../../avr/lib\libpololu_atmega328p.a(PololuQTRSensors.o)
                0x0000117c                qtr_calibrated_minimum_on
 .text.qtr_calibrated_maximum_on
                0x0000118a        0xe c:/programdata/winavr-20100110/bin/../lib/gcc/avr/4.3.3/../../../../avr/lib\libpololu_atmega328p.a(PololuQTRSensors.o)
                0x0000118a                qtr_calibrated_maximum_on
 .text.qtr_calibrated_minimum_off
                0x00001198        0xe c:/programdata/winavr-20100110/bin/../lib/gcc/avr/4.3.3/../../../../avr/lib\libpololu_atmega328p.a(PololuQTRSensors.o)
                0x00001198                qtr_calibrated_minimum_off
 .text.qtr_calibrated_maximum_off
                0x000011a6        0xe c:/programdata/winavr-20100110/bin/../lib/gcc/avr/4.3.3/../../../../avr/lib\libpololu_atmega328p.a(PololuQTRSensors.o)
                0x000011a6                qtr_calibrated_maximum_off
 .text._ZN16PololuQTRSensors4initEhhh
                0x000011b4       0x5a c:/programdata/winavr-20100110/bin/../lib/gcc/avr/4.3.3/../../../../avr/lib\libpololu_atmega328p.a(PololuQTRSensors.o)
                0x000011b4                PololuQTRSensors::init(unsigned char, unsigned char, unsigned char)
 .text._ZN16PololuQTRSensors11emittersOffEv
                0x0000120e       0x2a c:/programdata/winavr-20100110/bin/../lib/gcc/avr/4.3.3/../../../../avr/lib\libpololu_atmega328p.a(PololuQTRSensors.o)
                0x0000120e                PololuQTRSensors::emittersOff()
 .text.qtr_emitters_off
                0x00001238        0xe c:/programdata/winavr-20100110/bin/../lib/gcc/avr/4.3.3/../../../../avr/lib\libpololu_atmega328p.a(PololuQTRSensors.o)
                0x00001238                qtr_emitters_off
 .text._ZN16PololuQTRSensors10emittersOnEv
                0x00001246       0x28 c:/programdata/winavr-20100110/bin/../lib/gcc/avr/4.3.3/../../../../avr/lib\libpololu_atmega328p.a(PololuQTRSensors.o)
                0x00001246                PololuQTRSensors::emittersOn()
 .text.qtr_emitters_on
                0x0000126e        0xe c:/programdata/winavr-20100110/bin/../lib/gcc/avr/4.3.3/../../../../avr/lib\libpololu_atmega328p.a(PololuQTRSensors.o)
                0x0000126e                qtr_emitters_on
 .text._ZN16PololuQTRSensors16resetCalibrationEv
                0x0000127c       0x80 c:/programdata/winavr-20100110/bin/../lib/gcc/avr/4.3.3/../../../../avr/lib\libpololu_atmega328p.a(PololuQTRSensors.o)
                0x0000127c                PololuQTRSensors::resetCalibration()
 .text.qtr_reset_calibration
                0x000012fc        0xe c:/programdata/winavr-20100110/bin/../lib/gcc/avr/4.3.3/../../../../avr/lib\libpololu_atmega328p.a(PololuQTRSensors.o)
                0x000012fc                qtr_reset_calibration
 .text._ZN18PololuQTRSensorsRC4initEPhhjh
                0x0000130a       0xb2 c:/programdata/winavr-20100110/bin/../lib/gcc/avr/4.3.3/../../../../avr/lib\libpololu_atmega328p.a(PololuQTRSensors.o)
                0x0000130a                PololuQTRSensorsRC::init(unsigned char*, unsigned char, unsigned int, unsigned char)
 .text._ZN18PololuQTRSensorsRCC2EPhhjh
                0x000013bc        0xa c:/programdata/winavr-20100110/bin/../lib/gcc/avr/4.3.3/../../../../avr/lib\libpololu_atmega328p.a(PololuQTRSensors.o)
                0x000013bc                PololuQTRSensorsRC::PololuQTRSensorsRC(unsigned char*, unsigned char, unsigned int, unsigned char)
                0x000013bc                PololuQTRSensorsRC::PololuQTRSensorsRC(unsigned char*, unsigned char, unsigned int, unsigned char)
 .text.qtr_rc_init
                0x000013c6       0x4e c:/programdata/winavr-20100110/bin/../lib/gcc/avr/4.3.3/../../../../avr/lib\libpololu_atmega328p.a(PololuQTRSensors.o)
                0x000013c6                qtr_rc_init
 .text._ZN18PololuQTRSensorsRC11readPrivateEPj
                0x00001414      0x1ce c:/programdata/winavr-20100110/bin/../lib/gcc/avr/4.3.3/../../../../avr/lib\libpololu_atmega328p.a(PololuQTRSensors.o)
                0x00001414                PololuQTRSensorsRC::readPrivate(unsigned int*)
 .text._ZN22PololuQTRSensorsAnalog4initEPhhhh
                0x000015e2       0x80 c:/programdata/winavr-20100110/bin/../lib/gcc/avr/4.3.3/../../../../avr/lib\libpololu_atmega328p.a(PololuQTRSensors.o)
                0x000015e2                PololuQTRSensorsAnalog::init(unsigned char*, unsigned char, unsigned char, unsigned char)
 .text._ZN22PololuQTRSensorsAnalogC2EPhhhh
                0x00001662        0xa c:/programdata/winavr-20100110/bin/../lib/gcc/avr/4.3.3/../../../../avr/lib\libpololu_atmega328p.a(PololuQTRSensors.o)
                0x00001662                PololuQTRSensorsAnalog::PololuQTRSensorsAnalog(unsigned char*, unsigned char, unsigned char, unsigned char)
                0x00001662                PololuQTRSensorsAnalog::PololuQTRSensorsAnalog(unsigned char*, unsigned char, unsigned char, unsigned char)
 .text.qtr_analog_init
                0x0000166c       0x5e c:/programdata/winavr-20100110/bin/../lib/gcc/avr/4.3.3/../../../../avr/lib\libpololu_atmega328p.a(PololuQTRSensors.o)
                0x0000166c                qtr_analog_init
 .text._ZN22PololuQTRSensorsAnalog11readPrivateEPj
                0x000016ca      0x104 c:/programdata/winavr-20100110/bin/../lib/gcc/avr/4.3.3/../../../../avr/lib\libpololu_atmega328p.a(PololuQTRSensors.o)
                0x000016ca                PololuQTRSensorsAnalog::readPrivate(unsigned int*)
 .text._ZN16PololuQTRSensors4readEPjh
                0x000017ce       0xbe c:/programdata/winavr-20100110/bin/../lib/gcc/avr/4.3.3/../../../../avr/lib\libpololu_atmega328p.a(PololuQTRSensors.o)
                0x000017ce                PololuQTRSensors::read(unsigned int*, unsigned char)
 .text._ZN16PololuQTRSensors14readCalibratedEPjh
                0x0000188c      0x188 c:/programdata/winavr-20100110/bin/../lib/gcc/avr/4.3.3/../../../../avr/lib\libpololu_atmega328p.a(PololuQTRSensors.o)
                0x0000188c                PololuQTRSensors::readCalibrated(unsigned int*, unsigned char)
 .text._ZN16PololuQTRSensors8readLineEPjhh
                0x00001a14      0x136 c:/programdata/winavr-20100110/bin/../lib/gcc/avr/4.3.3/../../../../avr/lib\libpololu_atmega328p.a(PololuQTRSensors.o)
                0x00001a14                PololuQTRSensors::readLine(unsigned int*, unsigned char, unsigned char)
 .text.qtr_read_line_white
                0x00001b4a       0x16 c:/programdata/winavr-20100110/bin/../lib/gcc/avr/4.3.3/../../../../avr/lib\libpololu_atmega328p.a(PololuQTRSensors.o)
                0x00001b4a                qtr_read_line_white
 .text.qtr_read_line
                0x00001b60       0x16 c:/programdata/winavr-20100110/bin/../lib/gcc/avr/4.3.3/../../../../avr/lib\libpololu_atmega328p.a(PololuQTRSensors.o)
                0x00001b60                qtr_read_line
 .text.qtr_read_calibrated
                0x00001b76       0x14 c:/programdata/winavr-20100110/bin/../lib/gcc/avr/4.3.3/../../../../avr/lib\libpololu_atmega328p.a(PololuQTRSensors.o)
                0x00001b76                qtr_read_calibrated
 .text._ZN16PololuQTRSensors16calibrateOnOrOffEPPjS1_h
                0x00001b8a      0x20e c:/programdata/winavr-20100110/bin/../lib/gcc/avr/4.3.3/../../../../avr/lib\libpololu_atmega328p.a(PololuQTRSensors.o)
                0x00001b8a                PololuQTRSensors::calibrateOnOrOff(unsigned int**, unsigned int**, unsigned char)
 .text._ZN16PololuQTRSensors9calibrateEh
                0x00001d98       0x48 c:/programdata/winavr-20100110/bin/../lib/gcc/avr/4.3.3/../../../../avr/lib\libpololu_atmega328p.a(PololuQTRSensors.o)
                0x00001d98                PololuQTRSensors::calibrate(unsigned char)
 .text.qtr_calibrate
                0x00001de0       0x10 c:/programdata/winavr-20100110/bin/../lib/gcc/avr/4.3.3/../../../../avr/lib\libpololu_atmega328p.a(PololuQTRSensors.o)
                0x00001de0                qtr_calibrate
 .text.qtr_read
                0x00001df0       0x14 c:/programdata/winavr-20100110/bin/../lib/gcc/avr/4.3.3/../../../../avr/lib\libpololu_atmega328p.a(PololuQTRSensors.o)
                0x00001df0                qtr_read
 .text._ZN16PololuQTRSensorsD2Ev
                0x00001e04       0x3c c:/programdata/winavr-20100110/bin/../lib/gcc/avr/4.3.3/../../../../avr/lib\libpololu_atmega328p.a(PololuQTRSensors.o)
                0x00001e04                PololuQTRSensors::~PololuQTRSensors()
                0x00001e04                PololuQTRSensors::~PololuQTRSensors()
 .text.libgcc   0x00001e40       0x3e c:/programdata/winavr-20100110/bin/../lib/gcc/avr/4.3.3/avr5\libgcc.a(_mulsi3.o)
                0x00001e40                __mulsi3
 .text.libgcc   0x00001e7e       0x28 c:/programdata/winavr-20100110/bin/../lib/gcc/avr/4.3.3/avr5\libgcc.a(_udivmodhi4.o)
                0x00001e7e                __udivmodhi4
 .text.libgcc   0x00001ea6       0x44 c:/programdata/winavr-20100110/bin/../lib/gcc/avr/4.3.3/avr5\libgcc.a(_udivmodsi4.o)
                0x00001ea6                __udivmodsi4
 .text.libgcc   0x00001eea       0x36 c:/programdata/winavr-20100110/bin/../lib/gcc/avr/4.3.3/avr5\libgcc.a(_divmodsi4.o)
                0x00001eea                __divmodsi4
 .text.libgcc   0x00001f20       0x38 c:/programdata/winavr-20100110/bin/../lib/gcc/avr/4.3.3/avr5\libgcc.a(_prologue.o)
                0x00001f20                __prologue_saves__
 .text.libgcc   0x00001f58       0x36 c:/programdata/winavr-20100110/bin/../lib/gcc/avr/4.3.3/avr5\libgcc.a(_epilogue.o)
                0x00001f58                __epilogue_restores__
 .text.libgcc   0x00001f8e        0x0 c:/programdata/winavr-20100110/bin/../lib/gcc/avr/4.3.3/avr5\libgcc.a(_copy_data.o)
 .text.libgcc   0x00001f8e        0x0 c:/programdata/winavr-20100110/bin/../lib/gcc/avr/4.3.3/avr5\libgcc.a(_clear_bss.o)
 .text.libgcc   0x00001f8e        0x0 c:/programdata/winavr-20100110/bin/../lib/gcc/avr/4.3.3/avr5\libgcc.a(_ctors.o)
 .text.libgcc   0x00001f8e        0x0 c:/programdata/winavr-20100110/bin/../lib/gcc/avr/4.3.3/avr5\libgcc.a(_dtors.o)
 .text.libgcc   0x00001f8e        0xc c:/programdata/winavr-20100110/bin/../lib/gcc/avr/4.3.3/avr5\libgcc.a(_tablejump.o)
                0x00001f92                __tablejump__
                0x00001f8e                __tablejump2__
 .text.avr-libc
                0x00001f9a      0x20a c:/programdata/winavr-20100110/bin/../lib/gcc/avr/4.3.3/../../../../avr/lib/avr5\libc.a(malloc.o)
                0x00001f9a                malloc
                0x000020f4                free
 .text.avr-libc
                0x000021a4       0x98 c:/programdata/winavr-20100110/bin/../lib/gcc/avr/4.3.3/../../../../avr/lib/avr5\libc.a(fdevopen.o)
                0x000021a4                fdevopen
 .text.avr-libc
                0x0000223c       0x2a c:/programdata/winavr-20100110/bin/../lib/gcc/avr/4.3.3/../../../../avr/lib/avr5\libc.a(printf.o)
                0x0000223c                printf
 .text.avr-libc
                0x00002266      0x3ba c:/programdata/winavr-20100110/bin/../lib/gcc/avr/4.3.3/../../../../avr/lib/avr5\libc.a(vfprintf_std.o)
                0x00002266                vfprintf
 .text.avr-libc
                0x00002620       0x38 c:/programdata/winavr-20100110/bin/../lib/gcc/avr/4.3.3/../../../../avr/lib/avr5\libc.a(calloc.o)
                0x00002620                calloc
 .text.avr-libc
                0x00002658       0x16 c:/programdata/winavr-20100110/bin/../lib/gcc/avr/4.3.3/../../../../avr/lib/avr5\libc.a(strnlen_P.o)
                0x00002658                strnlen_P
 .text.avr-libc
                0x0000266e        0xe c:/programdata/winavr-20100110/bin/../lib/gcc/avr/4.3.3/../../../../avr/lib/avr5\libc.a(memset.o)
                0x0000266e                memset
 .text.avr-libc
                0x0000267c       0x16 c:/programdata/winavr-20100110/bin/../lib/gcc/avr/4.3.3/../../../../avr/lib/avr5\libc.a(strnlen.o)
                0x0000267c                strnlen
 .text.avr-libc
                0x00002692       0x58 c:/programdata/winavr-20100110/bin/../lib/gcc/avr/4.3.3/../../../../avr/lib/avr5\libc.a(fputc.o)
                0x00002692                fputc
 .text.avr-libc
                0x000026ea       0xbc c:/programdata/winavr-20100110/bin/../lib/gcc/avr/4.3.3/../../../../avr/lib/avr5\libc.a(ultoa_invert.o)
                0x000026ea                __ultoa_invert
                0x000027a6                . = ALIGN (0x2)
 *(.fini9)
 .fini9         0x000027a6        0x0 c:/programdata/winavr-20100110/bin/../lib/gcc/avr/4.3.3/avr5\libgcc.a(_exit.o)
                0x000027a6                _exit
 *(.fini9)
 *(.fini8)
 *(.fini8)
 *(.fini7)
 *(.fini7)
 *(.fini6)
 .fini6         0x000027a6       0x16 c:/programdata/winavr-20100110/bin/../lib/gcc/avr/4.3.3/avr5\libgcc.a(_dtors.o)
                0x000027a6                __do_global_dtors
 *(.fini6)
 *(.fini5)
 *(.fini5)
 *(.fini4)
 *(.fini4)
 *(.fini3)
 *(.fini3)
 *(.fini2)
 *(.fini2)
 *(.fini1)
 *(.fini1)
 *(.fini0)
 .fini0         0x000027bc        0x4 c:/programdata/winavr-20100110/bin/../lib/gcc/avr/4.3.3/avr5\libgcc.a(_exit.o)
 *(.fini0)
                0x000027c0                _etext = .

.data           0x00800100       0x22 load address 0x000027c0
                0x00800100                PROVIDE (__data_start, .)
 *(.data)
 .data          0x00800100        0x0 c:/programdata/winavr-20100110/bin/../lib/gcc/avr/4.3.3/../../../../avr/lib/avr5/crtm328p.o
 .data          0x00800100        0x0 c:/programdata/winavr-20100110/bin/../lib/gcc/avr/4.3.3/../../../../avr/lib/avr5\libc.a(exit.o)
 .data          0x00800100        0x0 c:/programdata/winavr-20100110/bin/../lib/gcc/avr/4.3.3/avr5\libgcc.a(_exit.o)
 .data          0x00800100       0x14 CMakeFiles/robot-atmega328p.elf.dir/src/main.c.obj
 .data          0x00800114        0x2 c:/programdata/winavr-20100110/bin/../lib/gcc/avr/4.3.3/../../../../avr/lib\libpololu_atmega328p.a(OrangutanLCD.o)
                0x00800115                numLCDCols
                0x00800114                numLCDRows
 .data          0x00800116        0x0 c:/programdata/winavr-20100110/bin/../lib/gcc/avr/4.3.3/../../../../avr/lib\libpololu_atmega328p.a(OrangutanPushbuttons.o)
 .data          0x00800116        0x0 c:/programdata/winavr-20100110/bin/../lib/gcc/avr/4.3.3/../../../../avr/lib\libpololu_atmega328p.a(OrangutanTime.o)
 .data          0x00800116        0x5 c:/programdata/winavr-20100110/bin/../lib/gcc/avr/4.3.3/../../../../avr/lib\libpololu_atmega328p.a(Pololu3pi.o)
 .data          0x0080011b        0x0 c:/programdata/winavr-20100110/bin/../lib/gcc/avr/4.3.3/../../../../avr/lib\libpololu_atmega328p.a(PololuQTRSensors.o)
 .data          0x0080011b        0x0 c:/programdata/winavr-20100110/bin/../lib/gcc/avr/4.3.3/avr5\libgcc.a(_mulsi3.o)
 .data          0x0080011b        0x0 c:/programdata/winavr-20100110/bin/../lib/gcc/avr/4.3.3/avr5\libgcc.a(_udivmodhi4.o)
 .data          0x0080011b        0x0 c:/programdata/winavr-20100110/bin/../lib/gcc/avr/4.3.3/avr5\libgcc.a(_udivmodsi4.o)
 .data          0x0080011b        0x0 c:/programdata/winavr-20100110/bin/../lib/gcc/avr/4.3.3/avr5\libgcc.a(_divmodsi4.o)
 .data          0x0080011b        0x0 c:/programdata/winavr-20100110/bin/../lib/gcc/avr/4.3.3/avr5\libgcc.a(_prologue.o)
 .data          0x0080011b        0x0 c:/programdata/winavr-20100110/bin/../lib/gcc/avr/4.3.3/avr5\libgcc.a(_epilogue.o)
 .data          0x0080011b        0x0 c:/programdata/winavr-20100110/bin/../lib/gcc/avr/4.3.3/avr5\libgcc.a(_copy_data.o)
 .data          0x0080011b        0x0 c:/programdata/winavr-20100110/bin/../lib/gcc/avr/4.3.3/avr5\libgcc.a(_clear_bss.o)
 .data          0x0080011b        0x0 c:/programdata/winavr-20100110/bin/../lib/gcc/avr/4.3.3/avr5\libgcc.a(_ctors.o)
 .data          0x0080011b        0x0 c:/programdata/winavr-20100110/bin/../lib/gcc/avr/4.3.3/avr5\libgcc.a(_dtors.o)
 .data          0x0080011b        0x0 c:/programdata/winavr-20100110/bin/../lib/gcc/avr/4.3.3/avr5\libgcc.a(_tablejump.o)
 .data          0x0080011b        0x6 c:/programdata/winavr-20100110/bin/../lib/gcc/avr/4.3.3/../../../../avr/lib/avr5\libc.a(malloc.o)
                0x0080011d                __malloc_heap_start
                0x0080011f                __malloc_heap_end
                0x0080011b                __malloc_margin
 .data          0x00800121        0x0 c:/programdata/winavr-20100110/bin/../lib/gcc/avr/4.3.3/../../../../avr/lib/avr5\libc.a(fdevopen.o)
 .data          0x00800121        0x0 c:/programdata/winavr-20100110/bin/../lib/gcc/avr/4.3.3/../../../../avr/lib/avr5\libc.a(iob.o)
 .data          0x00800121        0x0 c:/programdata/winavr-20100110/bin/../lib/gcc/avr/4.3.3/../../../../avr/lib/avr5\libc.a(printf.o)
 .data          0x00800121        0x0 c:/programdata/winavr-20100110/bin/../lib/gcc/avr/4.3.3/../../../../avr/lib/avr5\libc.a(vfprintf_std.o)
 .data          0x00800121        0x0 c:/programdata/winavr-20100110/bin/../lib/gcc/avr/4.3.3/../../../../avr/lib/avr5\libc.a(calloc.o)
 .data          0x00800121        0x0 c:/programdata/winavr-20100110/bin/../lib/gcc/avr/4.3.3/../../../../avr/lib/avr5\libc.a(strnlen_P.o)
 .data          0x00800121        0x0 c:/programdata/winavr-20100110/bin/../lib/gcc/avr/4.3.3/../../../../avr/lib/avr5\libc.a(memset.o)
 .data          0x00800121        0x0 c:/programdata/winavr-20100110/bin/../lib/gcc/avr/4.3.3/../../../../avr/lib/avr5\libc.a(strnlen.o)
 .data          0x00800121        0x0 c:/programdata/winavr-20100110/bin/../lib/gcc/avr/4.3.3/../../../../avr/lib/avr5\libc.a(fputc.o)
 .data          0x00800121        0x0 c:/programdata/winavr-20100110/bin/../lib/gcc/avr/4.3.3/../../../../avr/lib/avr5\libc.a(ultoa_invert.o)
 *(.data*)
 *(.rodata)
 *(.rodata*)
 *(.gnu.linkonce.d*)
                0x00800122                . = ALIGN (0x2)
 *fill*         0x00800121        0x1 00
                0x00800122                _edata = .
                0x00800122                PROVIDE (__data_end, .)

.bss            0x00800122       0x73
                0x00800122                PROVIDE (__bss_start, .)
 *(.bss)
 .bss           0x00800122        0x0 c:/programdata/winavr-20100110/bin/../lib/gcc/avr/4.3.3/../../../../avr/lib/avr5/crtm328p.o
 .bss           0x00800122        0x0 c:/programdata/winavr-20100110/bin/../lib/gcc/avr/4.3.3/../../../../avr/lib/avr5\libc.a(exit.o)
 .bss           0x00800122        0x0 c:/programdata/winavr-20100110/bin/../lib/gcc/avr/4.3.3/avr5\libgcc.a(_exit.o)
 .bss           0x00800122        0x0 CMakeFiles/robot-atmega328p.elf.dir/src/main.c.obj
 .bss           0x00800122        0x9 c:/programdata/winavr-20100110/bin/../lib/gcc/avr/4.3.3/../../../../avr/lib\libpololu_atmega328p.a(OrangutanLCD.o)
                0x00800122                printf_chars
                0x00800126                lcdTimeout
                0x00800125                col
                0x0080012a                OrangutanLCD::init()::initialized
                0x00800124                row
 .bss           0x0080012b        0xd c:/programdata/winavr-20100110/bin/../lib/gcc/avr/4.3.3/../../../../avr/lib\libpololu_atmega328p.a(OrangutanPushbuttons.o)
                0x0080012b                OrangutanPushbuttons::init()::initialized
 .bss           0x00800138        0xb c:/programdata/winavr-20100110/bin/../lib/gcc/avr/4.3.3/../../../../avr/lib\libpololu_atmega328p.a(OrangutanTime.o)
                0x00800142                OrangutanTime::init()::initialized
                0x00800138                tickCount
                0x0080013c                msCounter
                0x00800140                us_over_10
 .bss           0x00800143       0x44 c:/programdata/winavr-20100110/bin/../lib/gcc/avr/4.3.3/../../../../avr/lib\libpololu_atmega328p.a(Pololu3pi.o)
 .bss           0x00800187        0x4 c:/programdata/winavr-20100110/bin/../lib/gcc/avr/4.3.3/../../../../avr/lib\libpololu_atmega328p.a(PololuQTRSensors.o)
 .bss           0x0080018b        0x0 c:/programdata/winavr-20100110/bin/../lib/gcc/avr/4.3.3/avr5\libgcc.a(_mulsi3.o)
 .bss           0x0080018b        0x0 c:/programdata/winavr-20100110/bin/../lib/gcc/avr/4.3.3/avr5\libgcc.a(_udivmodhi4.o)
 .bss           0x0080018b        0x0 c:/programdata/winavr-20100110/bin/../lib/gcc/avr/4.3.3/avr5\libgcc.a(_udivmodsi4.o)
 .bss           0x0080018b        0x0 c:/programdata/winavr-20100110/bin/../lib/gcc/avr/4.3.3/avr5\libgcc.a(_divmodsi4.o)
 .bss           0x0080018b        0x0 c:/programdata/winavr-20100110/bin/../lib/gcc/avr/4.3.3/avr5\libgcc.a(_prologue.o)
 .bss           0x0080018b        0x0 c:/programdata/winavr-20100110/bin/../lib/gcc/avr/4.3.3/avr5\libgcc.a(_epilogue.o)
 .bss           0x0080018b        0x0 c:/programdata/winavr-20100110/bin/../lib/gcc/avr/4.3.3/avr5\libgcc.a(_copy_data.o)
 .bss           0x0080018b        0x0 c:/programdata/winavr-20100110/bin/../lib/gcc/avr/4.3.3/avr5\libgcc.a(_clear_bss.o)
 .bss           0x0080018b        0x0 c:/programdata/winavr-20100110/bin/../lib/gcc/avr/4.3.3/avr5\libgcc.a(_ctors.o)
 .bss           0x0080018b        0x0 c:/programdata/winavr-20100110/bin/../lib/gcc/avr/4.3.3/avr5\libgcc.a(_dtors.o)
 .bss           0x0080018b        0x0 c:/programdata/winavr-20100110/bin/../lib/gcc/avr/4.3.3/avr5\libgcc.a(_tablejump.o)
 .bss           0x0080018b        0x0 c:/programdata/winavr-20100110/bin/../lib/gcc/avr/4.3.3/../../../../avr/lib/avr5\libc.a(malloc.o)
 .bss           0x0080018b        0x0 c:/programdata/winavr-20100110/bin/../lib/gcc/avr/4.3.3/../../../../avr/lib/avr5\libc.a(fdevopen.o)
 .bss           0x0080018b        0x0 c:/programdata/winavr-20100110/bin/../lib/gcc/avr/4.3.3/../../../../avr/lib/avr5\libc.a(iob.o)
 .bss           0x0080018b        0x0 c:/programdata/winavr-20100110/bin/../lib/gcc/avr/4.3.3/../../../../avr/lib/avr5\libc.a(printf.o)
 .bss           0x0080018b        0x0 c:/programdata/winavr-20100110/bin/../lib/gcc/avr/4.3.3/../../../../avr/lib/avr5\libc.a(vfprintf_std.o)
 .bss           0x0080018b        0x0 c:/programdata/winavr-20100110/bin/../lib/gcc/avr/4.3.3/../../../../avr/lib/avr5\libc.a(calloc.o)
 .bss           0x0080018b        0x0 c:/programdata/winavr-20100110/bin/../lib/gcc/avr/4.3.3/../../../../avr/lib/avr5\libc.a(strnlen_P.o)
 .bss           0x0080018b        0x0 c:/programdata/winavr-20100110/bin/../lib/gcc/avr/4.3.3/../../../../avr/lib/avr5\libc.a(memset.o)
 .bss           0x0080018b        0x0 c:/programdata/winavr-20100110/bin/../lib/gcc/avr/4.3.3/../../../../avr/lib/avr5\libc.a(strnlen.o)
 .bss           0x0080018b        0x0 c:/programdata/winavr-20100110/bin/../lib/gcc/avr/4.3.3/../../../../avr/lib/avr5\libc.a(fputc.o)
 .bss           0x0080018b        0x0 c:/programdata/winavr-20100110/bin/../lib/gcc/avr/4.3.3/../../../../avr/lib/avr5\libc.a(ultoa_invert.o)
 *(.bss*)
 *(COMMON)
 COMMON         0x0080018b        0x4 c:/programdata/winavr-20100110/bin/../lib/gcc/avr/4.3.3/../../../../avr/lib/avr5\libc.a(malloc.o)
                0x0080018b                __brkval
                0x0080018d                __flp
 COMMON         0x0080018f        0x6 c:/programdata/winavr-20100110/bin/../lib/gcc/avr/4.3.3/../../../../avr/lib/avr5\libc.a(iob.o)
                0x0080018f                __iob
                0x00800195                PROVIDE (__bss_end, .)
                0x000027c0                __data_load_start = LOADADDR (.data)
                0x000027e2                __data_load_end = (__data_load_start + SIZEOF (.data))

.noinit         0x00800195        0x0
                0x00800195                PROVIDE (__noinit_start, .)
 *(.noinit*)
                0x00800195                PROVIDE (__noinit_end, .)
                0x00800195                _end = .
                0x00800195                PROVIDE (__heap_start, .)

.eeprom         0x00810000        0x0
 *(.eeprom*)
                0x00810000                __eeprom_end = .

.fuse
 *(.fuse)
 *(.lfuse)
 *(.hfuse)
 *(.efuse)

.lock
 *(.lock*)

.signature
 *(.signature*)

.stab           0x00000000     0x6594
 *(.stab)
 .stab          0x00000000     0x20a0 c:/programdata/winavr-20100110/bin/../lib/gcc/avr/4.3.3/../../../../avr/lib\libpololu_atmega328p.a(OrangutanLCD.o)
 .stab          0x000020a0      0xcd8 c:/programdata/winavr-20100110/bin/../lib/gcc/avr/4.3.3/../../../../avr/lib\libpololu_atmega328p.a(OrangutanPushbuttons.o)
                                0xce4 (size before relaxing)
 .stab          0x00002d78      0x96c c:/programdata/winavr-20100110/bin/../lib/gcc/avr/4.3.3/../../../../avr/lib\libpololu_atmega328p.a(OrangutanTime.o)
                                0x978 (size before relaxing)
 .stab          0x000036e4      0xdf8 c:/programdata/winavr-20100110/bin/../lib/gcc/avr/4.3.3/../../../../avr/lib\libpololu_atmega328p.a(Pololu3pi.o)
                                0xe04 (size before relaxing)
 .stab          0x000044dc     0x20b8 c:/programdata/winavr-20100110/bin/../lib/gcc/avr/4.3.3/../../../../avr/lib\libpololu_atmega328p.a(PololuQTRSensors.o)
                               0x20c4 (size before relaxing)

.stabstr        0x00000000     0x6c02
 *(.stabstr)
 .stabstr       0x00000000     0x6c02 c:/programdata/winavr-20100110/bin/../lib/gcc/avr/4.3.3/../../../../avr/lib\libpololu_atmega328p.a(OrangutanLCD.o)

.stab.excl
 *(.stab.excl)

.stab.exclstr
 *(.stab.exclstr)

.stab.index
 *(.stab.index)

.stab.indexstr
 *(.stab.indexstr)

.comment
 *(.comment)

.debug
 *(.debug)

.line
 *(.line)

.debug_srcinfo
 *(.debug_srcinfo)

.debug_sfnames
 *(.debug_sfnames)

.debug_aranges
 *(.debug_aranges)

.debug_pubnames
 *(.debug_pubnames)

.debug_info
 *(.debug_info)
 *(.gnu.linkonce.wi.*)

.debug_abbrev
 *(.debug_abbrev)

.debug_line
 *(.debug_line)

.debug_frame
 *(.debug_frame)

.debug_str
 *(.debug_str)

.debug_loc
 *(.debug_loc)

.debug_macinfo
 *(.debug_macinfo)
OUTPUT(robot-atmega328p.elf elf32-avr)
LOAD linker stubs
